Archive member included to satisfy reference by file (symbol)

/usr/lib/gcc/arm-none-eabi/9.2.1/thumb/v6-m/nofp/libgcc.a(_dvmd_tls.o)
                              CMakeFiles/FatFS_SPI_example.dir/tree/downloaded_tools/pico/pico-sdk/src/rp2_common/pico_divider/divider.S.obj (__aeabi_idiv0)
/usr/lib/gcc/arm-none-eabi/9.2.1/../../../arm-none-eabi/lib/thumb/v6-m/nofp/libg.a(lib_a-atexit.o)
                              /usr/lib/gcc/arm-none-eabi/9.2.1/../../../arm-none-eabi/lib/thumb/v6-m/nofp/crt0.o (atexit)
/usr/lib/gcc/arm-none-eabi/9.2.1/../../../arm-none-eabi/lib/thumb/v6-m/nofp/libg.a(lib_a-atoi.o)
                              CMakeFiles/FatFS_SPI_example.dir/FatFS_SPI_example.c.obj (atoi)
/usr/lib/gcc/arm-none-eabi/9.2.1/../../../arm-none-eabi/lib/thumb/v6-m/nofp/libg.a(lib_a-calloc.o)
                              CMakeFiles/FatFS_SPI_example.dir/tree/downloaded_tools/pico/pico-sdk/src/rp2_common/pico_malloc/pico_malloc.c.obj (calloc)
/usr/lib/gcc/arm-none-eabi/9.2.1/../../../arm-none-eabi/lib/thumb/v6-m/nofp/libg.a(lib_a-callocr.o)
                              /usr/lib/gcc/arm-none-eabi/9.2.1/../../../arm-none-eabi/lib/thumb/v6-m/nofp/libg.a(lib_a-calloc.o) (_calloc_r)
/usr/lib/gcc/arm-none-eabi/9.2.1/../../../arm-none-eabi/lib/thumb/v6-m/nofp/libg.a(lib_a-ctype_.o)
                              CMakeFiles/FatFS_SPI_example.dir/FatFS_SPI_example.c.obj (_ctype_)
/usr/lib/gcc/arm-none-eabi/9.2.1/../../../arm-none-eabi/lib/thumb/v6-m/nofp/libg.a(lib_a-errno.o)
                              CMakeFiles/FatFS_SPI_example.dir/tests/big_file_test.c.obj (__errno)
/usr/lib/gcc/arm-none-eabi/9.2.1/../../../arm-none-eabi/lib/thumb/v6-m/nofp/libg.a(lib_a-fflush.o)
                              CMakeFiles/FatFS_SPI_example.dir/tests/simple.c.obj (fflush)
/usr/lib/gcc/arm-none-eabi/9.2.1/../../../arm-none-eabi/lib/thumb/v6-m/nofp/libg.a(lib_a-findfp.o)
                              /usr/lib/gcc/arm-none-eabi/9.2.1/../../../arm-none-eabi/lib/thumb/v6-m/nofp/libg.a(lib_a-fflush.o) (__sinit)
/usr/lib/gcc/arm-none-eabi/9.2.1/../../../arm-none-eabi/lib/thumb/v6-m/nofp/libg.a(lib_a-fini.o)
                              /usr/lib/gcc/arm-none-eabi/9.2.1/../../../arm-none-eabi/lib/thumb/v6-m/nofp/crt0.o (__libc_fini_array)
/usr/lib/gcc/arm-none-eabi/9.2.1/../../../arm-none-eabi/lib/thumb/v6-m/nofp/libg.a(lib_a-freer.o)
                              /usr/lib/gcc/arm-none-eabi/9.2.1/../../../arm-none-eabi/lib/thumb/v6-m/nofp/libg.a(lib_a-fflush.o) (_free_r)
/usr/lib/gcc/arm-none-eabi/9.2.1/../../../arm-none-eabi/lib/thumb/v6-m/nofp/libg.a(lib_a-fwalk.o)
                              /usr/lib/gcc/arm-none-eabi/9.2.1/../../../arm-none-eabi/lib/thumb/v6-m/nofp/libg.a(lib_a-findfp.o) (_fwalk)
/usr/lib/gcc/arm-none-eabi/9.2.1/../../../arm-none-eabi/lib/thumb/v6-m/nofp/libg.a(lib_a-impure.o)
                              /usr/lib/gcc/arm-none-eabi/9.2.1/../../../arm-none-eabi/lib/thumb/v6-m/nofp/libg.a(lib_a-fflush.o) (_global_impure_ptr)
/usr/lib/gcc/arm-none-eabi/9.2.1/../../../arm-none-eabi/lib/thumb/v6-m/nofp/libg.a(lib_a-init.o)
                              /usr/lib/gcc/arm-none-eabi/9.2.1/../../../arm-none-eabi/lib/thumb/v6-m/nofp/crt0.o (__libc_init_array)
/usr/lib/gcc/arm-none-eabi/9.2.1/../../../arm-none-eabi/lib/thumb/v6-m/nofp/libg.a(lib_a-lcltime.o)
                              CMakeFiles/FatFS_SPI_example.dir/FatFS_SPI_example.c.obj (localtime)
/usr/lib/gcc/arm-none-eabi/9.2.1/../../../arm-none-eabi/lib/thumb/v6-m/nofp/libg.a(lib_a-lcltime_r.o)
                              CMakeFiles/FatFS_SPI_example.dir/data_log_demo.c.obj (localtime_r)
/usr/lib/gcc/arm-none-eabi/9.2.1/../../../arm-none-eabi/lib/thumb/v6-m/nofp/libg.a(lib_a-malloc.o)
                              CMakeFiles/FatFS_SPI_example.dir/tree/downloaded_tools/pico/pico-sdk/src/rp2_common/pico_malloc/pico_malloc.c.obj (malloc)
/usr/lib/gcc/arm-none-eabi/9.2.1/../../../arm-none-eabi/lib/thumb/v6-m/nofp/libg.a(lib_a-mallocr.o)
                              /usr/lib/gcc/arm-none-eabi/9.2.1/../../../arm-none-eabi/lib/thumb/v6-m/nofp/libg.a(lib_a-callocr.o) (_malloc_r)
/usr/lib/gcc/arm-none-eabi/9.2.1/../../../arm-none-eabi/lib/thumb/v6-m/nofp/libg.a(lib_a-memcmp.o)
                              CMakeFiles/FatFS_SPI_example.dir/tests/ff_stdio_tests_with_cwd.c.obj (memcmp)
/usr/lib/gcc/arm-none-eabi/9.2.1/../../../arm-none-eabi/lib/thumb/v6-m/nofp/libg.a(lib_a-mktime.o)
                              CMakeFiles/FatFS_SPI_example.dir/tree/downloaded_tools/pico/no-OS-FatFS-SD-SPI-RPi-Pico/FatFs_SPI/src/rtc.c.obj (mktime)
/usr/lib/gcc/arm-none-eabi/9.2.1/../../../arm-none-eabi/lib/thumb/v6-m/nofp/libg.a(lib_a-mlock.o)
                              /usr/lib/gcc/arm-none-eabi/9.2.1/../../../arm-none-eabi/lib/thumb/v6-m/nofp/libg.a(lib_a-freer.o) (__malloc_lock)
/usr/lib/gcc/arm-none-eabi/9.2.1/../../../arm-none-eabi/lib/thumb/v6-m/nofp/libg.a(lib_a-month_lengths.o)
[...]
Memory Configuration

Name             Origin             Length             Attributes
FLASH            0x0000000010000000 0x0000000000200000 xr
RAM              0x0000000020000000 0x0000000000040000 xrw
SCRATCH_X        0x0000000020040000 0x0000000000001000 xrw
SCRATCH_Y        0x0000000020041000 0x0000000000001000 xrw
*default*        0x0000000000000000 0xffffffffffffffff

Linker script and memory map

LOAD /usr/lib/gcc/arm-none-eabi/9.2.1/thumb/v6-m/nofp/crti.o
LOAD /usr/lib/gcc/arm-none-eabi/9.2.1/thumb/v6-m/nofp/crtbegin.o
LOAD /usr/lib/gcc/arm-none-eabi/9.2.1/../../../arm-none-eabi/lib/thumb/v6-m/nofp/crt0.o

.flash_begin    0x0000000010000000        0x0
                0x0000000010000000                __flash_binary_start = .

.boot2          0x0000000010000000      0x100
                0x0000000010000000                __boot2_start__ = .
 *(.boot2)
 .boot2         0x0000000010000000      0x100 /tmp/cc2wnwng.o
                0x0000000010000100                __boot2_end__ = .
                0x0000000000000001                ASSERT (((__boot2_end__ - __boot2_start__) == 0x100), ERROR: Pico second stage bootloader must be 256 bytes in size)

.text           0x0000000010000100    0x18d08
                0x0000000010000100                __logical_binary_start = .
 *(.vectors)
 .vectors       0x0000000010000100       0xd4 CMakeFiles/FatFS_SPI_example.dir/tree/downloaded_tools/pico/pico-sdk/src/rp2_common/pico_standard_link/crt0.S.obj
                0x0000000010000100                __vectors
                0x0000000010000100                __VECTOR_TABLE
                0x00000000100001c0                isr_invalid
                0x00000000100001c0                __default_isrs_start
                0x00000000100001c2                isr_nmi
                0x00000000100001c4                isr_hardfault
                0x00000000100001c6                isr_svcall
                0x00000000100001c8                isr_pendsv
                0x00000000100001ca                isr_systick
                0x00000000100001cc                isr_irq30
                0x00000000100001cc                __unhandled_user_irq
                0x00000000100001cc                isr_irq13
                0x00000000100001cc                isr_irq27
                0x00000000100001cc                isr_irq31
                0x00000000100001cc                isr_irq5
                0x00000000100001cc                isr_irq11
                0x00000000100001cc                isr_irq23
                0x00000000100001cc                isr_irq18
                0x00000000100001cc                isr_irq28
                0x00000000100001cc                isr_irq19
                0x00000000100001cc                isr_irq0
                0x00000000100001cc                isr_irq6
                0x00000000100001cc                isr_irq22
                0x00000000100001cc                isr_irq17
                0x00000000100001cc                isr_irq14
                0x00000000100001cc                isr_irq2
                0x00000000100001cc                isr_irq10
                0x00000000100001cc                isr_irq8
                0x00000000100001cc                isr_irq24
                0x00000000100001cc                isr_irq1
                0x00000000100001cc                isr_irq7
                0x00000000100001cc                isr_irq21
                0x00000000100001cc                isr_irq20
                0x00000000100001cc                isr_irq15
                0x00000000100001cc                isr_irq25
                0x00000000100001cc                isr_irq4
                0x00000000100001cc                isr_irq16
                0x00000000100001cc                isr_irq29
                0x00000000100001cc                isr_irq26
                0x00000000100001cc                __default_isrs_end
                0x00000000100001cc                isr_irq3
                0x00000000100001cc                isr_irq12
                0x00000000100001cc                isr_irq9
                0x00000000100001d2                unhandled_user_irq_num_in_r0
 *(.binary_info_header)
 .binary_info_header
                0x00000000100001d4       0x14 CMakeFiles/FatFS_SPI_example.dir/tree/downloaded_tools/pico/pico-sdk/src/rp2_common/pico_standard_link/crt0.S.obj
                0x00000000100001e8                __binary_info_header_end = .
 *(.reset)
 .reset         0x00000000100001e8       0xa8 CMakeFiles/FatFS_SPI_example.dir/tree/downloaded_tools/pico/pico-sdk/src/rp2_common/pico_standard_link/crt0.S.obj
                0x00000000100001e8                _entry_point
                0x0000000010000266                __get_current_exception
 .reset         0x0000000010000290       0x30 CMakeFiles/FatFS_SPI_example.dir/tree/downloaded_tools/pico/pico-sdk/src/rp2_common/pico_standard_link/binary_info.c.obj
 *(.init)
 .init          0x00000000100002c0        0x4 /usr/lib/gcc/arm-none-eabi/9.2.1/thumb/v6-m/nofp/crti.o
                0x00000000100002c0                _init
 *(EXCLUDE_FILE(*libm.a: *libc.a:*lib_a-mem*.o *libgcc.a:) .text*)
 .text          0x00000000100002c4       0x98 /usr/lib/gcc/arm-none-eabi/9.2.1/thumb/v6-m/nofp/crtbegin.o
 .text.run_stop_logger
                0x000000001000035c        0xc CMakeFiles/FatFS_SPI_example.dir/FatFS_SPI_example.c.obj
 .text.run_help
                0x0000000010000368       0x28 CMakeFiles/FatFS_SPI_example.dir/FatFS_SPI_example.c.obj
 .text.process_stdio
                0x0000000010000390      0x104 CMakeFiles/FatFS_SPI_example.dir/FatFS_SPI_example.c.obj
 .text.get_fs_by_name
                0x0000000010000494       0x48 CMakeFiles/FatFS_SPI_example.dir/FatFS_SPI_example.c.obj
 .text.del_node
                0x00000000100004dc       0x58 CMakeFiles/FatFS_SPI_example.dir/FatFS_SPI_example.c.obj
 .text.run_swcwdt
                0x0000000010000534       0x10 CMakeFiles/FatFS_SPI_example.dir/FatFS_SPI_example.c.obj
 .text.run_cdef
                0x0000000010000544       0x18 CMakeFiles/FatFS_SPI_example.dir/FatFS_SPI_example.c.obj
 .text.run_loop_swcwdt
                0x000000001000055c       0x20 CMakeFiles/FatFS_SPI_example.dir/FatFS_SPI_example.c.obj
 .text.run_del_node
                0x000000001000057c       0x24 CMakeFiles/FatFS_SPI_example.dir/FatFS_SPI_example.c.obj
 .text.run_mkdir
                0x00000000100005a0       0x3c CMakeFiles/FatFS_SPI_example.dir/FatFS_SPI_example.c.obj
 .text.run_big_file_test
                0x00000000100005dc       0x60 CMakeFiles/FatFS_SPI_example.dir/FatFS_SPI_example.c.obj
 .text.run_cat  0x000000001000063c       0x84 CMakeFiles/FatFS_SPI_example.dir/FatFS_SPI_example.c.obj
 .text.run_cd   0x00000000100006c0       0x3c CMakeFiles/FatFS_SPI_example.dir/FatFS_SPI_example.c.obj
 .text.run_getfree
                0x00000000100006fc       0x78 CMakeFiles/FatFS_SPI_example.dir/FatFS_SPI_example.c.obj
 .text.run_chdrive
                0x0000000010000774       0x38 CMakeFiles/FatFS_SPI_example.dir/FatFS_SPI_example.c.obj
 .text.run_unmount
                0x00000000100007ac       0x3c CMakeFiles/FatFS_SPI_example.dir/FatFS_SPI_example.c.obj
 .text.run_mount
                0x00000000100007e8       0x54 CMakeFiles/FatFS_SPI_example.dir/FatFS_SPI_example.c.obj
 .text.run_format
                0x000000001000083c       0x5c CMakeFiles/FatFS_SPI_example.dir/FatFS_SPI_example.c.obj
 .text.run_lliot
                0x0000000010000898       0x24 CMakeFiles/FatFS_SPI_example.dir/FatFS_SPI_example.c.obj
 .text.run_date
                0x00000000100008bc       0x78 CMakeFiles/FatFS_SPI_example.dir/FatFS_SPI_example.c.obj
 .text.run_setrtc
                0x0000000010000934       0xd4 CMakeFiles/FatFS_SPI_example.dir/FatFS_SPI_example.c.obj
 .text.run_start_logger
                0x0000000010000a08       0x68 CMakeFiles/FatFS_SPI_example.dir/FatFS_SPI_example.c.obj
 .text.ls       0x0000000010000a70       0xe8 CMakeFiles/FatFS_SPI_example.dir/FatFS_SPI_example.c.obj
                0x0000000010000a70                ls
 .text.run_ls   0x0000000010000b58       0x20 CMakeFiles/FatFS_SPI_example.dir/FatFS_SPI_example.c.obj
 .text.main     0x0000000010000b78       0xcc CMakeFiles/FatFS_SPI_example.dir/FatFS_SPI_example.c.obj
                0x0000000010000b78                main
 .text.print_header
                0x0000000010000c44       0x74 CMakeFiles/FatFS_SPI_example.dir/data_log_demo.c.obj
 .text.open_file
                0x0000000010000cb8      0x12c CMakeFiles/FatFS_SPI_example.dir/data_log_demo.c.obj
 .text.process_logger
                0x0000000010000de4      0x13c CMakeFiles/FatFS_SPI_example.dir/data_log_demo.c.obj
                0x0000000010000de4                process_logger
 .text.simple   0x0000000010000f20      0x398 CMakeFiles/FatFS_SPI_example.dir/tests/simple.c.obj
                0x0000000010000f20                simple
 .text.pn       0x00000000100012b8       0x44 CMakeFiles/FatFS_SPI_example.dir/tests/app4-IO_module_function_checker.c.obj
 .text.test_diskio
                0x00000000100012fc      0x650 CMakeFiles/FatFS_SPI_example.dir/tests/app4-IO_module_function_checker.c.obj
                0x00000000100012fc                test_diskio
 .text.lliot    0x000000001000194c       0x40 CMakeFiles/FatFS_SPI_example.dir/tests/app4-IO_module_function_checker.c.obj
                0x000000001000194c                lliot
 .text.pn       0x000000001000198c       0x44 CMakeFiles/FatFS_SPI_example.dir/tests/big_file_test.c.obj
 .text.check_big_file
                0x00000000100019d0      0x1fc CMakeFiles/FatFS_SPI_example.dir/tests/big_file_test.c.obj
 .text.create_big_file
                0x0000000010001bcc      0x204 CMakeFiles/FatFS_SPI_example.dir/tests/big_file_test.c.obj
 .text.big_file_test
                0x0000000010001dd0       0x1e CMakeFiles/FatFS_SPI_example.dir/tests/big_file_test.c.obj
                0x0000000010001dd0                big_file_test
 *fill*         0x0000000010001dee        0x2 
 .text.prvCreateDemoFilesUsing_ff_fwrite
                0x0000000010001df0      0x120 CMakeFiles/FatFS_SPI_example.dir/tests/CreateAndVerifyExampleFiles.c.obj
 .text.prvVerifyDemoFileUsing_ff_fread
                0x0000000010001f10      0x150 CMakeFiles/FatFS_SPI_example.dir/tests/CreateAndVerifyExampleFiles.c.obj
 .text.prvCreateDemoFileUsing_ff_fputc
                0x0000000010002060      0x268 CMakeFiles/FatFS_SPI_example.dir/tests/CreateAndVerifyExampleFiles.c.obj
 .text.prvVerifyDemoFileUsing_ff_fgetc
                0x00000000100022c8      0x1a4 CMakeFiles/FatFS_SPI_example.dir/tests/CreateAndVerifyExampleFiles.c.obj
 .text.vCreateAndVerifyExampleFiles
                0x000000001000246c       0x34 CMakeFiles/FatFS_SPI_example.dir/tests/CreateAndVerifyExampleFiles.c.obj
                0x000000001000246c                vCreateAndVerifyExampleFiles
 .text.prvTest_ff_findfirst_ff_findnext_ff_findclose
                0x00000000100024a0      0x190 CMakeFiles/FatFS_SPI_example.dir/tests/ff_stdio_tests_with_cwd.c.obj
 .text.prvTest_ff_truncate
                0x0000000010002630      0x58c CMakeFiles/FatFS_SPI_example.dir/tests/ff_stdio_tests_with_cwd.c.obj
 .text.prvTest_ff_fmkdir_ff_chdir_ff_rmdir
                0x0000000010002bbc      0x348 CMakeFiles/FatFS_SPI_example.dir/tests/ff_stdio_tests_with_cwd.c.obj
 .text.prvTest_ff_fopen
                0x0000000010002f04      0x320 CMakeFiles/FatFS_SPI_example.dir/tests/ff_stdio_tests_with_cwd.c.obj
 .text.prvTest_ff_rename
                0x0000000010003224      0x35c CMakeFiles/FatFS_SPI_example.dir/tests/ff_stdio_tests_with_cwd.c.obj
 .text.prvAlignmentReadWriteTests
                0x0000000010003580      0x460 CMakeFiles/FatFS_SPI_example.dir/tests/ff_stdio_tests_with_cwd.c.obj
 .text.prvTest_ff_fseek_ff_rewind
                0x00000000100039e0      0x364 CMakeFiles/FatFS_SPI_example.dir/tests/ff_stdio_tests_with_cwd.c.obj
 .text.vStdioWithCWDTest
                0x0000000010003d44       0x44 CMakeFiles/FatFS_SPI_example.dir/tests/ff_stdio_tests_with_cwd.c.obj
                0x0000000010003d44                vStdioWithCWDTest
 .text.gpio_set_function
                0x0000000010003d88       0x30 CMakeFiles/FatFS_SPI_example.dir/tree/downloaded_tools/pico/pico-sdk/src/rp2_common/hardware_gpio/gpio.c.obj
                0x0000000010003d88                gpio_set_function
 .text.gpio_set_pulls
                0x0000000010003db8       0x34 CMakeFiles/FatFS_SPI_example.dir/tree/downloaded_tools/pico/pico-sdk/src/rp2_common/hardware_gpio/gpio.c.obj
                0x0000000010003db8                gpio_set_pulls
 .text.gpio_init
                0x0000000010003dec       0x16 CMakeFiles/FatFS_SPI_example.dir/tree/downloaded_tools/pico/pico-sdk/src/rp2_common/hardware_gpio/gpio.c.obj
                0x0000000010003dec                gpio_init
 *fill*         0x0000000010003e02        0x2 
 .text.hw_claim_lock
                0x0000000010003e04       0x18 CMakeFiles/FatFS_SPI_example.dir/tree/downloaded_tools/pico/pico-sdk/src/rp2_common/hardware_claim/claim.c.obj
                0x0000000010003e04                hw_claim_lock
 .text.hw_claim_unlock
                0x0000000010003e1c       0x14 CMakeFiles/FatFS_SPI_example.dir/tree/downloaded_tools/pico/pico-sdk/src/rp2_common/hardware_claim/claim.c.obj
                0x0000000010003e1c                hw_claim_unlock
 .text.hw_claim_or_assert
                0x0000000010003e30       0x32 CMakeFiles/FatFS_SPI_example.dir/tree/downloaded_tools/pico/pico-sdk/src/rp2_common/hardware_claim/claim.c.obj
                0x0000000010003e30                hw_claim_or_assert
 .text.hw_claim_unused_from_range
                0x0000000010003e62       0x50 CMakeFiles/FatFS_SPI_example.dir/tree/downloaded_tools/pico/pico-sdk/src/rp2_common/hardware_claim/claim.c.obj
                0x0000000010003e62                hw_claim_unused_from_range
 *fill*         0x0000000010003eb2        0x2 
 .text.running_on_fpga
                0x0000000010003eb4       0x14 CMakeFiles/FatFS_SPI_example.dir/tree/downloaded_tools/pico/pico-sdk/src/rp2_common/pico_platform/platform.c.obj
                0x0000000010003eb4                running_on_fpga
 .text.spin_locks_reset
                0x0000000010003ec8       0x20 CMakeFiles/FatFS_SPI_example.dir/tree/downloaded_tools/pico/pico-sdk/src/rp2_common/hardware_sync/sync.c.obj
                0x0000000010003ec8                spin_locks_reset
 .text.next_striped_spin_lock_num
                0x0000000010003ee8       0x1c CMakeFiles/FatFS_SPI_example.dir/tree/downloaded_tools/pico/pico-sdk/src/rp2_common/hardware_sync/sync.c.obj
                0x0000000010003ee8                next_striped_spin_lock_num
 .text.spin_lock_claim_unused
                0x0000000010003f04       0x20 CMakeFiles/FatFS_SPI_example.dir/tree/downloaded_tools/pico/pico-sdk/src/rp2_common/hardware_sync/sync.c.obj
                0x0000000010003f04                spin_lock_claim_unused
 .text.uart_set_baudrate
                0x0000000010003f24       0x5c CMakeFiles/FatFS_SPI_example.dir/tree/downloaded_tools/pico/pico-sdk/src/rp2_common/hardware_uart/uart.c.obj
                0x0000000010003f24                uart_set_baudrate
 .text.uart_set_translate_crlf
                0x0000000010003f80       0x28 CMakeFiles/FatFS_SPI_example.dir/tree/downloaded_tools/pico/pico-sdk/src/rp2_common/hardware_uart/uart.c.obj
                0x0000000010003f80                uart_set_translate_crlf
 .text.uart_init
                0x0000000010003fa8       0x80 CMakeFiles/FatFS_SPI_example.dir/tree/downloaded_tools/pico/pico-sdk/src/rp2_common/hardware_uart/uart.c.obj
                0x0000000010003fa8                uart_init
 .text.repeating_timer_callback
                0x0000000010004028       0x40 CMakeFiles/FatFS_SPI_example.dir/tree/downloaded_tools/pico/pico-sdk/src/common/pico_time/time.c.obj
 .text.alarm_pool_post_alloc_init
                0x0000000010004068       0x40 CMakeFiles/FatFS_SPI_example.dir/tree/downloaded_tools/pico/pico-sdk/src/common/pico_time/time.c.obj
 .text.sleep_until_callback
                0x00000000100040a8       0x30 CMakeFiles/FatFS_SPI_example.dir/tree/downloaded_tools/pico/pico-sdk/src/common/pico_time/time.c.obj
 .text.timer_pool_entry_comparator
                0x00000000100040d8       0x7c CMakeFiles/FatFS_SPI_example.dir/tree/downloaded_tools/pico/pico-sdk/src/common/pico_time/time.c.obj
                0x00000000100040d8                timer_pool_entry_comparator
 .text.ph_add_child_node
                0x0000000010004154       0xa4 CMakeFiles/FatFS_SPI_example.dir/tree/downloaded_tools/pico/pico-sdk/src/common/pico_time/time.c.obj
 .text.ph_merge_nodes
                0x00000000100041f8       0x3e CMakeFiles/FatFS_SPI_example.dir/tree/downloaded_tools/pico/pico-sdk/src/common/pico_time/time.c.obj
 *fill*         0x0000000010004236        0x2 
 .text.add_alarm_under_lock
                0x0000000010004238      0x174 CMakeFiles/FatFS_SPI_example.dir/tree/downloaded_tools/pico/pico-sdk/src/common/pico_time/time.c.obj
 .text.alarm_pool_alarm_callback
                0x00000000100043ac      0x32c CMakeFiles/FatFS_SPI_example.dir/tree/downloaded_tools/pico/pico-sdk/src/common/pico_time/time.c.obj
 .text.alarm_pool_init_default
                0x00000000100046d8       0x38 CMakeFiles/FatFS_SPI_example.dir/tree/downloaded_tools/pico/pico-sdk/src/common/pico_time/time.c.obj
                0x00000000100046d8                alarm_pool_init_default
 .text.alarm_pool_get_default
                0x0000000010004710       0x2c CMakeFiles/FatFS_SPI_example.dir/tree/downloaded_tools/pico/pico-sdk/src/common/pico_time/time.c.obj
                0x0000000010004710                alarm_pool_get_default
 .text.alarm_pool_add_alarm_at
                0x000000001000473c      0x170 CMakeFiles/FatFS_SPI_example.dir/tree/downloaded_tools/pico/pico-sdk/src/common/pico_time/time.c.obj
                0x000000001000473c                alarm_pool_add_alarm_at
 .text.alarm_pool_cancel_alarm
                0x00000000100048ac       0xec CMakeFiles/FatFS_SPI_example.dir/tree/downloaded_tools/pico/pico-sdk/src/common/pico_time/time.c.obj
                0x00000000100048ac                alarm_pool_cancel_alarm
 .text.alarm_pool_add_repeating_timer_us
                0x0000000010004998       0x9c CMakeFiles/FatFS_SPI_example.dir/tree/downloaded_tools/pico/pico-sdk/src/common/pico_time/time.c.obj
                0x0000000010004998                alarm_pool_add_repeating_timer_us
 .text.best_effort_wfe_or_timeout
                0x0000000010004a34       0x80 CMakeFiles/FatFS_SPI_example.dir/tree/downloaded_tools/pico/pico-sdk/src/common/pico_time/time.c.obj
                0x0000000010004a34                best_effort_wfe_or_timeout
 .text.hardware_alarm_irq_handler
                0x0000000010004ab4       0x8c CMakeFiles/FatFS_SPI_example.dir/tree/downloaded_tools/pico/pico-sdk/src/rp2_common/hardware_timer/timer.c.obj
 .text.hardware_alarm_claim
                0x0000000010004b40       0x18 CMakeFiles/FatFS_SPI_example.dir/tree/downloaded_tools/pico/pico-sdk/src/rp2_common/hardware_timer/timer.c.obj
                0x0000000010004b40                hardware_alarm_claim
 .text.time_us_64
                0x0000000010004b58       0x18 CMakeFiles/FatFS_SPI_example.dir/tree/downloaded_tools/pico/pico-sdk/src/rp2_common/hardware_timer/timer.c.obj
                0x0000000010004b58                time_us_64
 .text.busy_wait_until
                0x0000000010004b70       0x24 CMakeFiles/FatFS_SPI_example.dir/tree/downloaded_tools/pico/pico-sdk/src/rp2_common/hardware_timer/timer.c.obj
                0x0000000010004b70                busy_wait_until
 .text.busy_wait_us
                0x0000000010004b94       0x48 CMakeFiles/FatFS_SPI_example.dir/tree/downloaded_tools/pico/pico-sdk/src/rp2_common/hardware_timer/timer.c.obj
                0x0000000010004b94                busy_wait_us
 .text.hardware_alarm_set_callback
                0x0000000010004bdc       0x90 CMakeFiles/FatFS_SPI_example.dir/tree/downloaded_tools/pico/pico-sdk/src/rp2_common/hardware_timer/timer.c.obj
                0x0000000010004bdc                hardware_alarm_set_callback
 .text.hardware_alarm_set_target
                0x0000000010004c6c       0xe8 CMakeFiles/FatFS_SPI_example.dir/tree/downloaded_tools/pico/pico-sdk/src/rp2_common/hardware_timer/timer.c.obj
                0x0000000010004c6c                hardware_alarm_set_target
 .text.hardware_alarm_cancel
                0x0000000010004d54       0x40 CMakeFiles/FatFS_SPI_example.dir/tree/downloaded_tools/pico/pico-sdk/src/rp2_common/hardware_timer/timer.c.obj
                0x0000000010004d54                hardware_alarm_cancel
 .text.sem_init
                0x0000000010004d94       0x1e CMakeFiles/FatFS_SPI_example.dir/tree/downloaded_tools/pico/pico-sdk/src/common/pico_sync/sem.c.obj
                0x0000000010004d94                sem_init
 *fill*         0x0000000010004db2        0x2 
 .text.lock_init
                0x0000000010004db4       0x10 CMakeFiles/FatFS_SPI_example.dir/tree/downloaded_tools/pico/pico-sdk/src/common/pico_sync/lock_core.c.obj
                0x0000000010004db4                lock_init
 .text.mutex_init_internal
                0x0000000010004dc4       0x1e CMakeFiles/FatFS_SPI_example.dir/tree/downloaded_tools/pico/pico-sdk/src/common/pico_sync/mutex.c.obj
 .text.mutex_init
                0x0000000010004de2        0xa CMakeFiles/FatFS_SPI_example.dir/tree/downloaded_tools/pico/pico-sdk/src/common/pico_sync/mutex.c.obj
                0x0000000010004de2                mutex_init
 .text.recursive_mutex_init
                0x0000000010004dec        0xa CMakeFiles/FatFS_SPI_example.dir/tree/downloaded_tools/pico/pico-sdk/src/common/pico_sync/mutex.c.obj
                0x0000000010004dec                recursive_mutex_init
 *fill*         0x0000000010004df6        0x2 
 .text.critical_section_init_with_lock_num
                0x0000000010004df8       0x14 CMakeFiles/FatFS_SPI_example.dir/tree/downloaded_tools/pico/pico-sdk/src/common/pico_sync/critical_section.c.obj
                0x0000000010004df8                critical_section_init_with_lock_num
 .text.critical_section_init
                0x0000000010004e0c       0x14 CMakeFiles/FatFS_SPI_example.dir/tree/downloaded_tools/pico/pico-sdk/src/common/pico_sync/critical_section.c.obj
                0x0000000010004e0c                critical_section_init
 .text.ph_add_child_node
                0x0000000010004e20       0xa4 CMakeFiles/FatFS_SPI_example.dir/tree/downloaded_tools/pico/pico-sdk/src/common/pico_util/pheap.c.obj
 .text.ph_merge_nodes
                0x0000000010004ec4       0x3e CMakeFiles/FatFS_SPI_example.dir/tree/downloaded_tools/pico/pico-sdk/src/common/pico_util/pheap.c.obj
 *fill*         0x0000000010004f02        0x2 
 .text.ph_clear
                0x0000000010004f04       0x70 CMakeFiles/FatFS_SPI_example.dir/tree/downloaded_tools/pico/pico-sdk/src/common/pico_util/pheap.c.obj
                0x0000000010004f04                ph_clear
 .text.ph_post_alloc_init
                0x0000000010004f74        0xe CMakeFiles/FatFS_SPI_example.dir/tree/downloaded_tools/pico/pico-sdk/src/common/pico_util/pheap.c.obj
                0x0000000010004f74                ph_post_alloc_init
 *fill*         0x0000000010004f82        0x2 
 .text.ph_merge_two_pass
                0x0000000010004f84       0xa8 CMakeFiles/FatFS_SPI_example.dir/tree/downloaded_tools/pico/pico-sdk/src/common/pico_util/pheap.c.obj
                0x0000000010004f84                ph_merge_two_pass
 .text.ph_remove_any_head
                0x000000001000502c      0x108 CMakeFiles/FatFS_SPI_example.dir/tree/downloaded_tools/pico/pico-sdk/src/common/pico_util/pheap.c.obj
 .text.ph_remove_head
                0x0000000010005134       0x14 CMakeFiles/FatFS_SPI_example.dir/tree/downloaded_tools/pico/pico-sdk/src/common/pico_util/pheap.c.obj
                0x0000000010005134                ph_remove_head
 .text.ph_remove_and_free_node
                0x0000000010005148       0xf8 CMakeFiles/FatFS_SPI_example.dir/tree/downloaded_tools/pico/pico-sdk/src/common/pico_util/pheap.c.obj
                0x0000000010005148                ph_remove_and_free_node
 .text.runtime_init
                0x0000000010005240       0xd8 CMakeFiles/FatFS_SPI_example.dir/tree/downloaded_tools/pico/pico-sdk/src/rp2_common/pico_runtime/runtime.c.obj
                0x0000000010005240                runtime_init
 .text._exit    0x0000000010005318        0x4 CMakeFiles/FatFS_SPI_example.dir/tree/downloaded_tools/pico/pico-sdk/src/rp2_common/pico_runtime/runtime.c.obj
                0x0000000010005318                _exit
 .text._sbrk    0x000000001000531c       0x38 CMakeFiles/FatFS_SPI_example.dir/tree/downloaded_tools/pico/pico-sdk/src/rp2_common/pico_runtime/runtime.c.obj
                0x000000001000531c                _sbrk
 .text.exit     0x0000000010005354        0x6 CMakeFiles/FatFS_SPI_example.dir/tree/downloaded_tools/pico/pico-sdk/src/rp2_common/pico_runtime/runtime.c.obj
                0x0000000010005354                exit
 *fill*         0x000000001000535a        0x2 
 .text.__assert_func
                0x000000001000535c       0x3c CMakeFiles/FatFS_SPI_example.dir/tree/downloaded_tools/pico/pico-sdk/src/rp2_common/pico_runtime/runtime.c.obj
                0x000000001000535c                __assert_func
 .text.panic    0x0000000010005398       0x30 CMakeFiles/FatFS_SPI_example.dir/tree/downloaded_tools/pico/pico-sdk/src/rp2_common/pico_runtime/runtime.c.obj
                0x0000000010005398                panic
 .text.clock_configure
                0x00000000100053c8      0x104 CMakeFiles/FatFS_SPI_example.dir/tree/downloaded_tools/pico/pico-sdk/src/rp2_common/hardware_clocks/clocks.c.obj
                0x00000000100053c8                clock_configure
 .text.clocks_init
                0x00000000100054cc      0x100 CMakeFiles/FatFS_SPI_example.dir/tree/downloaded_tools/pico/pico-sdk/src/rp2_common/hardware_clocks/clocks.c.obj
                0x00000000100054cc                clocks_init
 .text.clock_get_hz
                0x00000000100055cc        0xc CMakeFiles/FatFS_SPI_example.dir/tree/downloaded_tools/pico/pico-sdk/src/rp2_common/hardware_clocks/clocks.c.obj
                0x00000000100055cc                clock_get_hz
 .text.set_raw_irq_handler_and_unlock
                0x00000000100055d8       0x28 CMakeFiles/FatFS_SPI_example.dir/tree/downloaded_tools/pico/pico-sdk/src/rp2_common/hardware_irq/irq.c.obj
 .text.make_branch
                0x0000000010005600       0x34 CMakeFiles/FatFS_SPI_example.dir/tree/downloaded_tools/pico/pico-sdk/src/rp2_common/hardware_irq/irq.c.obj
 .text.insert_branch_and_link
                0x0000000010005634       0x40 CMakeFiles/FatFS_SPI_example.dir/tree/downloaded_tools/pico/pico-sdk/src/rp2_common/hardware_irq/irq.c.obj
 .text.irq_is_enabled
                0x0000000010005674       0x18 CMakeFiles/FatFS_SPI_example.dir/tree/downloaded_tools/pico/pico-sdk/src/rp2_common/hardware_irq/irq.c.obj
                0x0000000010005674                irq_is_enabled
 .text.irq_set_mask_enabled
                0x000000001000568c       0x20 CMakeFiles/FatFS_SPI_example.dir/tree/downloaded_tools/pico/pico-sdk/src/rp2_common/hardware_irq/irq.c.obj
                0x000000001000568c                irq_set_mask_enabled
 .text.irq_set_enabled
                0x00000000100056ac        0xe CMakeFiles/FatFS_SPI_example.dir/tree/downloaded_tools/pico/pico-sdk/src/rp2_common/hardware_irq/irq.c.obj
                0x00000000100056ac                irq_set_enabled
 *fill*         0x00000000100056ba        0x2 
 .text.irq_set_pending
                0x00000000100056bc       0x10 CMakeFiles/FatFS_SPI_example.dir/tree/downloaded_tools/pico/pico-sdk/src/rp2_common/hardware_irq/irq.c.obj
                0x00000000100056bc                irq_set_pending
 .text.irq_get_vtable_handler
                0x00000000100056cc       0x10 CMakeFiles/FatFS_SPI_example.dir/tree/downloaded_tools/pico/pico-sdk/src/rp2_common/hardware_irq/irq.c.obj
                0x00000000100056cc                irq_get_vtable_handler
 .text.irq_set_exclusive_handler
                0x00000000100056dc       0x54 CMakeFiles/FatFS_SPI_example.dir/tree/downloaded_tools/pico/pico-sdk/src/rp2_common/hardware_irq/irq.c.obj
                0x00000000100056dc                irq_set_exclusive_handler
 .text.irq_remove_handler
                0x0000000010005730      0x1ac CMakeFiles/FatFS_SPI_example.dir/tree/downloaded_tools/pico/pico-sdk/src/rp2_common/hardware_irq/irq.c.obj
                0x0000000010005730                irq_remove_handler
 .text.irq_set_priority
                0x00000000100058dc       0x28 CMakeFiles/FatFS_SPI_example.dir/tree/downloaded_tools/pico/pico-sdk/src/rp2_common/hardware_irq/irq.c.obj
                0x00000000100058dc                irq_set_priority
 .text.irq_add_tail_to_free_list
                0x0000000010005904       0xf0 CMakeFiles/FatFS_SPI_example.dir/tree/downloaded_tools/pico/pico-sdk/src/rp2_common/hardware_irq/irq.c.obj
                0x0000000010005904                irq_add_tail_to_free_list
 .text.irq_init_priorities
                0x00000000100059f4       0x16 CMakeFiles/FatFS_SPI_example.dir/tree/downloaded_tools/pico/pico-sdk/src/rp2_common/hardware_irq/irq.c.obj
                0x00000000100059f4                irq_init_priorities
 *fill*         0x0000000010005a0a        0x2 
 .text.pll_init
                0x0000000010005a0c      0x118 CMakeFiles/FatFS_SPI_example.dir/tree/downloaded_tools/pico/pico-sdk/src/rp2_common/hardware_pll/pll.c.obj
                0x0000000010005a0c                pll_init
 .text.watchdog_start_tick
                0x0000000010005b24       0x10 CMakeFiles/FatFS_SPI_example.dir/tree/downloaded_tools/pico/pico-sdk/src/rp2_common/hardware_watchdog/watchdog.c.obj
                0x0000000010005b24                watchdog_start_tick
 .text.watchdog_update
                0x0000000010005b34       0x14 CMakeFiles/FatFS_SPI_example.dir/tree/downloaded_tools/pico/pico-sdk/src/rp2_common/hardware_watchdog/watchdog.c.obj
                0x0000000010005b34                watchdog_update
 .text._watchdog_enable
                0x0000000010005b48       0x70 CMakeFiles/FatFS_SPI_example.dir/tree/downloaded_tools/pico/pico-sdk/src/rp2_common/hardware_watchdog/watchdog.c.obj
                0x0000000010005b48                _watchdog_enable
 .text.watchdog_reboot
                0x0000000010005bb8       0x48 CMakeFiles/FatFS_SPI_example.dir/tree/downloaded_tools/pico/pico-sdk/src/rp2_common/hardware_watchdog/watchdog.c.obj
                0x0000000010005bb8                watchdog_reboot
 .text.xosc_init
                0x0000000010005c00       0x28 CMakeFiles/FatFS_SPI_example.dir/tree/downloaded_tools/pico/pico-sdk/src/rp2_common/hardware_xosc/xosc.c.obj
                0x0000000010005c00                xosc_init
 .text._out_buffer
                0x0000000010005c28        0x8 CMakeFiles/FatFS_SPI_example.dir/tree/downloaded_tools/pico/pico-sdk/src/rp2_common/pico_printf/printf.c.obj
 .text._out_null
                0x0000000010005c30        0x2 CMakeFiles/FatFS_SPI_example.dir/tree/downloaded_tools/pico/pico-sdk/src/rp2_common/pico_printf/printf.c.obj
 .text._out_fct
                0x0000000010005c32        0xe CMakeFiles/FatFS_SPI_example.dir/tree/downloaded_tools/pico/pico-sdk/src/rp2_common/pico_printf/printf.c.obj
 .text._atoi    0x0000000010005c40       0x24 CMakeFiles/FatFS_SPI_example.dir/tree/downloaded_tools/pico/pico-sdk/src/rp2_common/pico_printf/printf.c.obj
 .text._out_rev
                0x0000000010005c64       0xae CMakeFiles/FatFS_SPI_example.dir/tree/downloaded_tools/pico/pico-sdk/src/rp2_common/pico_printf/printf.c.obj
 .text._ntoa_format
                0x0000000010005d12      0x110 CMakeFiles/FatFS_SPI_example.dir/tree/downloaded_tools/pico/pico-sdk/src/rp2_common/pico_printf/printf.c.obj
 .text._ntoa_long
                0x0000000010005e22       0xbc CMakeFiles/FatFS_SPI_example.dir/tree/downloaded_tools/pico/pico-sdk/src/rp2_common/pico_printf/printf.c.obj
 .text._ntoa_long_long
                0x0000000010005ede       0xe2 CMakeFiles/FatFS_SPI_example.dir/tree/downloaded_tools/pico/pico-sdk/src/rp2_common/pico_printf/printf.c.obj
 .text._etoa    0x0000000010005fc0      0x40c CMakeFiles/FatFS_SPI_example.dir/tree/downloaded_tools/pico/pico-sdk/src/rp2_common/pico_printf/printf.c.obj
 .text._ftoa    0x00000000100063cc      0x354 CMakeFiles/FatFS_SPI_example.dir/tree/downloaded_tools/pico/pico-sdk/src/rp2_common/pico_printf/printf.c.obj
 .text._vsnprintf
                0x0000000010006720      0x628 CMakeFiles/FatFS_SPI_example.dir/tree/downloaded_tools/pico/pico-sdk/src/rp2_common/pico_printf/printf.c.obj
 .text.__wrap_sprintf
                0x0000000010006d48       0x28 CMakeFiles/FatFS_SPI_example.dir/tree/downloaded_tools/pico/pico-sdk/src/rp2_common/pico_printf/printf.c.obj
                0x0000000010006d48                __wrap_sprintf
 .text.__wrap_snprintf
                0x0000000010006d70       0x28 CMakeFiles/FatFS_SPI_example.dir/tree/downloaded_tools/pico/pico-sdk/src/rp2_common/pico_printf/printf.c.obj
                0x0000000010006d70                __wrap_snprintf
 .text.vfctprintf
                0x0000000010006d98       0x20 CMakeFiles/FatFS_SPI_example.dir/tree/downloaded_tools/pico/pico-sdk/src/rp2_common/pico_printf/printf.c.obj
                0x0000000010006d98                vfctprintf
 .text          0x0000000010006db8       0x10 CMakeFiles/FatFS_SPI_example.dir/tree/downloaded_tools/pico/pico-sdk/src/rp2_common/pico_bit_ops/bit_ops_aeabi.S.obj
 .text.rom_func_lookup
                0x0000000010006dc8       0x10 CMakeFiles/FatFS_SPI_example.dir/tree/downloaded_tools/pico/pico-sdk/src/rp2_common/pico_bootrom/bootrom.c.obj
                0x0000000010006dc8                rom_func_lookup
 .text.rom_data_lookup
                0x0000000010006dd8       0x10 CMakeFiles/FatFS_SPI_example.dir/tree/downloaded_tools/pico/pico-sdk/src/rp2_common/pico_bootrom/bootrom.c.obj
                0x0000000010006dd8                rom_data_lookup
 .text.rom_funcs_lookup
                0x0000000010006de8       0x36 CMakeFiles/FatFS_SPI_example.dir/tree/downloaded_tools/pico/pico-sdk/src/rp2_common/pico_bootrom/bootrom.c.obj
                0x0000000010006de8                rom_funcs_lookup
 *fill*         0x0000000010006e1e        0x2 
 .text.__wrap___aeabi_idiv
                0x0000000010006e20       0x50 CMakeFiles/FatFS_SPI_example.dir/tree/downloaded_tools/pico/pico-sdk/src/rp2_common/pico_divider/divider.S.obj
                0x0000000010006e20                __wrap___aeabi_idivmod
                0x0000000010006e20                divmod_s32s32
                0x0000000010006e20                div_s32s32
                0x0000000010006e20                __wrap___aeabi_idiv
                0x0000000010006e28                divmod_s32s32_unsafe
                0x0000000010006e54                divmod_s32s32_savestate
 .text.__wrap___aeabi_uidiv
                0x0000000010006e70       0x4c CMakeFiles/FatFS_SPI_example.dir/tree/downloaded_tools/pico/pico-sdk/src/rp2_common/pico_divider/divider.S.obj
                0x0000000010006e70                __wrap___aeabi_uidiv
                0x0000000010006e70                __wrap___aeabi_uidivmod
                0x0000000010006e70                div_u32u32
                0x0000000010006e70                divmod_u32u32
                0x0000000010006e78                divmod_u32u32_unsafe
                0x0000000010006ea0                divmod_u32u32_savestate
 .text.__wrap___aeabi_ldiv
                0x0000000010006ebc      0x430 CMakeFiles/FatFS_SPI_example.dir/tree/downloaded_tools/pico/pico-sdk/src/rp2_common/pico_divider/divider.S.obj
                0x0000000010006ebc                div_s64s64
                0x0000000010006ebc                divmod_s64s64
                0x0000000010006ebc                __wrap___aeabi_ldivmod
                0x0000000010006ef4                div_u64u64
                0x0000000010006ef4                divmod_u64u64
                0x0000000010006ef4                __wrap___aeabi_uldivmod
                0x0000000010006f04                divmod_u64u64_savestate
                0x0000000010006f2c                divmod_s64s64_unsafe
                0x0000000010006fb4                divmod_u64u64_unsafe
 .text.__wrap___aeabi_darithmetic
                0x00000000100072ec       0x80 CMakeFiles/FatFS_SPI_example.dir/tree/downloaded_tools/pico/pico-sdk/src/rp2_common/pico_double/double_aeabi.S.obj
                0x00000000100072ec                __wrap___aeabi_drsub
                0x00000000100072f2                __wrap___aeabi_dsub
                0x0000000010007304                __wrap___aeabi_dadd
                0x0000000010007316                __wrap___aeabi_ddiv
                0x0000000010007352                __wrap___aeabi_dmul
 .text.__wrap___aeabi_cdcmple
                0x000000001000736c       0x6c CMakeFiles/FatFS_SPI_example.dir/tree/downloaded_tools/pico/pico-sdk/src/rp2_common/pico_double/double_aeabi.S.obj
                0x000000001000736c                __wrap___aeabi_cdrcmple
                0x000000001000737c                __wrap___aeabi_cdcmple
                0x000000001000737c                __wrap___aeabi_cdcmpeq
 .text.__wrap___aeabi_dcmplt
                0x00000000100073d8        0xc CMakeFiles/FatFS_SPI_example.dir/tree/downloaded_tools/pico/pico-sdk/src/rp2_common/pico_double/double_aeabi.S.obj
                0x00000000100073d8                __wrap___aeabi_dcmplt
 .text.__wrap___aeabi_dcmple
                0x00000000100073e4       0x10 CMakeFiles/FatFS_SPI_example.dir/tree/downloaded_tools/pico/pico-sdk/src/rp2_common/pico_double/double_aeabi.S.obj
                0x00000000100073e4                __wrap___aeabi_dcmple
 .text.__wrap___aeabi_dcmpge
                0x00000000100073f4       0x10 CMakeFiles/FatFS_SPI_example.dir/tree/downloaded_tools/pico/pico-sdk/src/rp2_common/pico_double/double_aeabi.S.obj
                0x00000000100073f4                __wrap___aeabi_dcmpge
 .text.__wrap___aeabi_dcmpgt
                0x0000000010007404        0xa CMakeFiles/FatFS_SPI_example.dir/tree/downloaded_tools/pico/pico-sdk/src/rp2_common/pico_double/double_aeabi.S.obj
                0x0000000010007404                __wrap___aeabi_dcmpgt
 .text.__wrap___aeabi_dcmpun
                0x000000001000740e       0x1c CMakeFiles/FatFS_SPI_example.dir/tree/downloaded_tools/pico/pico-sdk/src/rp2_common/pico_double/double_aeabi.S.obj
                0x000000001000740e                __wrap___aeabi_dcmpun
 *fill*         0x000000001000742a        0x2 
 .text.__wrap___aeabi_i2d
                0x000000001000742c       0x38 CMakeFiles/FatFS_SPI_example.dir/tree/downloaded_tools/pico/pico-sdk/src/rp2_common/pico_double/double_aeabi.S.obj
                0x000000001000742c                __wrap___aeabi_ui2d
                0x0000000010007434                __wrap___aeabi_i2d
 .text.__wrap___aeabi_d2iz
                0x0000000010007464       0x48 CMakeFiles/FatFS_SPI_example.dir/tree/downloaded_tools/pico/pico-sdk/src/rp2_common/pico_double/double_aeabi.S.obj
                0x0000000010007464                __wrap___aeabi_d2iz
                0x0000000010007464                double2int_z
 .text.__wrap___aeabi_d2uiz
                0x00000000100074ac       0x18 CMakeFiles/FatFS_SPI_example.dir/tree/downloaded_tools/pico/pico-sdk/src/rp2_common/pico_double/double_aeabi.S.obj
                0x00000000100074ac                double2uint
                0x00000000100074ac                __wrap___aeabi_d2uiz
 .text.__wrap___aeabi_l2d
                0x00000000100074c4       0x18 CMakeFiles/FatFS_SPI_example.dir/tree/downloaded_tools/pico/pico-sdk/src/rp2_common/pico_double/double_aeabi.S.obj
                0x00000000100074c4                __wrap___aeabi_l2d
 .text.__wrap___aeabi_d2f
                0x00000000100074dc       0x18 CMakeFiles/FatFS_SPI_example.dir/tree/downloaded_tools/pico/pico-sdk/src/rp2_common/pico_double/double_aeabi.S.obj
                0x00000000100074dc                __wrap___aeabi_d2f
 .text.__aeabi_double_init
                0x00000000100074f4       0xb4 CMakeFiles/FatFS_SPI_example.dir/tree/downloaded_tools/pico/pico-sdk/src/rp2_common/pico_double/double_init_rom.c.obj
                0x00000000100074f4                __aeabi_double_init
 .text.double_table_shim_on_use_helper
                0x00000000100075a8       0x34 CMakeFiles/FatFS_SPI_example.dir/tree/downloaded_tools/pico/pico-sdk/src/rp2_common/pico_double/double_v1_rom_shim.S.obj
                0x00000000100075a8                double_table_shim_on_use_helper
 .text.__wrap___aeabi_dsub
                0x00000000100075dc       0x10 CMakeFiles/FatFS_SPI_example.dir/tree/downloaded_tools/pico/pico-sdk/src/rp2_common/pico_double/double_v1_rom_shim.S.obj
                0x00000000100075dc                drsub_shim
                0x00000000100075e2                dsub_shim
 .text.dadd_shim
                0x00000000100075ec      0x15c CMakeFiles/FatFS_SPI_example.dir/tree/downloaded_tools/pico/pico-sdk/src/rp2_common/pico_double/double_v1_rom_shim.S.obj
                0x00000000100075ec                dadd_shim
 .text.dmul_shim
                0x0000000010007748      0x15c CMakeFiles/FatFS_SPI_example.dir/tree/downloaded_tools/pico/pico-sdk/src/rp2_common/pico_double/double_v1_rom_shim.S.obj
                0x0000000010007748                dmul_shim
 .text.ddiv_shim
                0x00000000100078a4      0x1b0 CMakeFiles/FatFS_SPI_example.dir/tree/downloaded_tools/pico/pico-sdk/src/rp2_common/pico_double/double_v1_rom_shim.S.obj
                0x00000000100078a4                ddiv_shim
 .text.dcordic_rot_step
                0x0000000010007a54       0x7c CMakeFiles/FatFS_SPI_example.dir/tree/downloaded_tools/pico/pico-sdk/src/rp2_common/pico_double/double_v1_rom_shim.S.obj
                0x0000000010007a54                dcordic_rot_step
 .text.double2uint_shim
                0x0000000010007ad0        0xe CMakeFiles/FatFS_SPI_example.dir/tree/downloaded_tools/pico/pico-sdk/src/rp2_common/pico_double/double_v1_rom_shim.S.obj
                0x0000000010007ad0                double2uint_shim
                0x0000000010007ad2                double2ufix_shim
 *fill*         0x0000000010007ade        0x2 
 .text.double2uint64_shim
                0x0000000010007ae0       0x6c CMakeFiles/FatFS_SPI_example.dir/tree/downloaded_tools/pico/pico-sdk/src/rp2_common/pico_double/double_v1_rom_shim.S.obj
                0x0000000010007ae0                double2uint64_shim
                0x0000000010007ae2                double2ufix64_shim
                0x0000000010007afc                d2fix_a
 .text.double2float_shim
                0x0000000010007b4c       0x5c CMakeFiles/FatFS_SPI_example.dir/tree/downloaded_tools/pico/pico-sdk/src/rp2_common/pico_double/double_v1_rom_shim.S.obj
                0x0000000010007b4c                double2float_shim
 .text.x2double_shims
                0x0000000010007ba8       0x90 CMakeFiles/FatFS_SPI_example.dir/tree/downloaded_tools/pico/pico-sdk/src/rp2_common/pico_double/double_v1_rom_shim.S.obj
                0x0000000010007ba8                uint2double_shim
                0x0000000010007baa                ufix2double_shim
                0x0000000010007bb0                int2double_shim
                0x0000000010007bb2                fix2double_shim
                0x0000000010007bb8                uint642double_shim
                0x0000000010007bba                ufix642double_shim
                0x0000000010007bc0                int642double_shim
                0x0000000010007bc2                fix642double_shim
 .text.dunpacks
                0x0000000010007c38       0x3c CMakeFiles/FatFS_SPI_example.dir/tree/downloaded_tools/pico/pico-sdk/src/rp2_common/pico_double/double_v1_rom_shim.S.obj
                0x0000000010007c38                dunpacks
 .text.__aeabi_lmul
                0x0000000010007c74       0x32 CMakeFiles/FatFS_SPI_example.dir/tree/downloaded_tools/pico/pico-sdk/src/rp2_common/pico_int64_ops/pico_int64_ops_aeabi.S.obj
                0x0000000010007c74                __wrap___aeabi_lmul
 *fill*         0x0000000010007ca6        0x2 
 .text.__wrap___aeabi_farithmetic
                0x0000000010007ca8       0x58 CMakeFiles/FatFS_SPI_example.dir/tree/downloaded_tools/pico/pico-sdk/src/rp2_common/pico_float/float_aeabi.S.obj
                0x0000000010007ca8                __wrap___aeabi_frsub
                0x0000000010007cae                __wrap___aeabi_fsub
                0x0000000010007cb8                __wrap___aeabi_fadd
                0x0000000010007cc2                __wrap___aeabi_fdiv
                0x0000000010007cee                __wrap___aeabi_fmul
 .text.__wrap___aeabi_i2f
                0x0000000010007d00       0x44 CMakeFiles/FatFS_SPI_example.dir/tree/downloaded_tools/pico/pico-sdk/src/rp2_common/pico_float/float_aeabi.S.obj
                0x0000000010007d00                __wrap___aeabi_i2f
 .text.__wrap___aeabi_f2d
                0x0000000010007d44       0x14 CMakeFiles/FatFS_SPI_example.dir/tree/downloaded_tools/pico/pico-sdk/src/rp2_common/pico_float/float_aeabi.S.obj
                0x0000000010007d44                __wrap___aeabi_f2d
 .text.__aeabi_float_init
                0x0000000010007d58       0xfc CMakeFiles/FatFS_SPI_example.dir/tree/downloaded_tools/pico/pico-sdk/src/rp2_common/pico_float/float_init_rom.c.obj
                0x0000000010007d58                __aeabi_float_init
 .text.float_table_shim_on_use_helper
                0x0000000010007e54       0x34 CMakeFiles/FatFS_SPI_example.dir/tree/downloaded_tools/pico/pico-sdk/src/rp2_common/pico_float/float_v1_rom_shim.S.obj
                0x0000000010007e54                float_table_shim_on_use_helper
 .text.float2double_shim
                0x0000000010007e88       0x30 CMakeFiles/FatFS_SPI_example.dir/tree/downloaded_tools/pico/pico-sdk/src/rp2_common/pico_float/float_v1_rom_shim.S.obj
                0x0000000010007e88                float2double_shim
 .text.__wrap_malloc
                0x0000000010007eb8       0x24 CMakeFiles/FatFS_SPI_example.dir/tree/downloaded_tools/pico/pico-sdk/src/rp2_common/pico_malloc/pico_malloc.c.obj
                0x0000000010007eb8                __wrap_malloc
 .text.__wrap_free
                0x0000000010007edc        0x8 CMakeFiles/FatFS_SPI_example.dir/tree/downloaded_tools/pico/pico-sdk/src/rp2_common/pico_malloc/pico_malloc.c.obj
                0x0000000010007edc                __wrap_free
 .text          0x0000000010007ee4       0x10 CMakeFiles/FatFS_SPI_example.dir/tree/downloaded_tools/pico/pico-sdk/src/rp2_common/pico_mem_ops/mem_ops_aeabi.S.obj
                0x0000000010007ee4                __aeabi_mem_init
 .text.memset   0x0000000010007ef4        0xc CMakeFiles/FatFS_SPI_example.dir/tree/downloaded_tools/pico/pico-sdk/src/rp2_common/pico_mem_ops/mem_ops_aeabi.S.obj
                0x0000000010007ef4                __wrap_memset
 .text.memcpy   0x0000000010007f00        0xc CMakeFiles/FatFS_SPI_example.dir/tree/downloaded_tools/pico/pico-sdk/src/rp2_common/pico_mem_ops/mem_ops_aeabi.S.obj
                0x0000000010007f00                __wrap___aeabi_memcpy
                0x0000000010007f00                __wrap_memcpy
 .text.stdio_out_chars_crlf
                0x0000000010007f0c       0x80 CMakeFiles/FatFS_SPI_example.dir/tree/downloaded_tools/pico/pico-sdk/src/rp2_common/pico_stdio/stdio.c.obj
 .text.stdio_stack_buffer_flush
                0x0000000010007f8c       0x44 CMakeFiles/FatFS_SPI_example.dir/tree/downloaded_tools/pico/pico-sdk/src/rp2_common/pico_stdio/stdio.c.obj
 .text.stdio_buffered_printer
                0x0000000010007fd0       0x20 CMakeFiles/FatFS_SPI_example.dir/tree/downloaded_tools/pico/pico-sdk/src/rp2_common/pico_stdio/stdio.c.obj
 .text.stdio_get_until
                0x0000000010007ff0       0x80 CMakeFiles/FatFS_SPI_example.dir/tree/downloaded_tools/pico/pico-sdk/src/rp2_common/pico_stdio/stdio.c.obj
 .text.stdout_serialize_begin
                0x0000000010008070       0x30 CMakeFiles/FatFS_SPI_example.dir/tree/downloaded_tools/pico/pico-sdk/src/rp2_common/pico_stdio/stdio.c.obj
                0x0000000010008070                stdout_serialize_begin
 .text.stdout_serialize_end
                0x00000000100080a0       0x10 CMakeFiles/FatFS_SPI_example.dir/tree/downloaded_tools/pico/pico-sdk/src/rp2_common/pico_stdio/stdio.c.obj
                0x00000000100080a0                stdout_serialize_end
 .text.stdio_put_string
                0x00000000100080b0       0x84 CMakeFiles/FatFS_SPI_example.dir/tree/downloaded_tools/pico/pico-sdk/src/rp2_common/pico_stdio/stdio.c.obj
 .text.__wrap_putchar
                0x0000000010008134       0x1a CMakeFiles/FatFS_SPI_example.dir/tree/downloaded_tools/pico/pico-sdk/src/rp2_common/pico_stdio/stdio.c.obj
                0x0000000010008134                __wrap_putchar
 *fill*         0x000000001000814e        0x2 
 .text._read    0x0000000010008150       0x24 CMakeFiles/FatFS_SPI_example.dir/tree/downloaded_tools/pico/pico-sdk/src/rp2_common/pico_stdio/stdio.c.obj
                0x0000000010008150                _read
 .text._write   0x0000000010008174       0x1e CMakeFiles/FatFS_SPI_example.dir/tree/downloaded_tools/pico/pico-sdk/src/rp2_common/pico_stdio/stdio.c.obj
                0x0000000010008174                _write
 *fill*         0x0000000010008192        0x2 
 .text.stdio_set_driver_enabled
                0x0000000010008194       0x38 CMakeFiles/FatFS_SPI_example.dir/tree/downloaded_tools/pico/pico-sdk/src/rp2_common/pico_stdio/stdio.c.obj
                0x0000000010008194                stdio_set_driver_enabled
 .text.stdio_flush
                0x00000000100081cc       0x20 CMakeFiles/FatFS_SPI_example.dir/tree/downloaded_tools/pico/pico-sdk/src/rp2_common/pico_stdio/stdio.c.obj
                0x00000000100081cc                stdio_flush
 .text.__wrap_puts
                0x00000000100081ec       0x1c CMakeFiles/FatFS_SPI_example.dir/tree/downloaded_tools/pico/pico-sdk/src/rp2_common/pico_stdio/stdio.c.obj
                0x00000000100081ec                __wrap_puts
 .text.__wrap_vprintf
                0x0000000010008208       0x44 CMakeFiles/FatFS_SPI_example.dir/tree/downloaded_tools/pico/pico-sdk/src/rp2_common/pico_stdio/stdio.c.obj
                0x0000000010008208                __wrap_vprintf
 .text.__wrap_printf
                0x000000001000824c       0x18 CMakeFiles/FatFS_SPI_example.dir/tree/downloaded_tools/pico/pico-sdk/src/rp2_common/pico_stdio/stdio.c.obj
                0x000000001000824c                __wrap_printf
 .text.stdio_init_all
                0x0000000010008264        0xc CMakeFiles/FatFS_SPI_example.dir/tree/downloaded_tools/pico/pico-sdk/src/rp2_common/pico_stdio/stdio.c.obj
                0x0000000010008264                stdio_init_all
 .text.getchar_timeout_us
                0x0000000010008270       0x80 CMakeFiles/FatFS_SPI_example.dir/tree/downloaded_tools/pico/pico-sdk/src/rp2_common/pico_stdio/stdio.c.obj
                0x0000000010008270                getchar_timeout_us
 .text.stdio_uart_out_chars
                0x00000000100082f0       0x74 CMakeFiles/FatFS_SPI_example.dir/tree/downloaded_tools/pico/pico-sdk/src/rp2_common/pico_stdio_uart/stdio_uart.c.obj
 .text.stdio_uart_in_chars
                0x0000000010008364       0x54 CMakeFiles/FatFS_SPI_example.dir/tree/downloaded_tools/pico/pico-sdk/src/rp2_common/pico_stdio_uart/stdio_uart.c.obj
                0x0000000010008364                stdio_uart_in_chars
 .text.stdio_uart_init_full
                0x00000000100083b8       0x3c CMakeFiles/FatFS_SPI_example.dir/tree/downloaded_tools/pico/pico-sdk/src/rp2_common/pico_stdio_uart/stdio_uart.c.obj
                0x00000000100083b8                stdio_uart_init_full
 .text.stdio_uart_init
                0x00000000100083f4       0x28 CMakeFiles/FatFS_SPI_example.dir/tree/downloaded_tools/pico/pico-sdk/src/rp2_common/pico_stdio_uart/stdio_uart.c.obj
                0x00000000100083f4                stdio_uart_init
 .text.resetd_init
                0x000000001000841c        0x2 CMakeFiles/FatFS_SPI_example.dir/tree/downloaded_tools/pico/pico-sdk/src/rp2_common/pico_stdio_usb/reset_interface.c.obj
 *fill*         0x000000001000841e        0x2 
 .text.resetd_reset
                0x0000000010008420        0xc CMakeFiles/FatFS_SPI_example.dir/tree/downloaded_tools/pico/pico-sdk/src/rp2_common/pico_stdio_usb/reset_interface.c.obj
 .text.resetd_open
                0x000000001000842c       0x34 CMakeFiles/FatFS_SPI_example.dir/tree/downloaded_tools/pico/pico-sdk/src/rp2_common/pico_stdio_usb/reset_interface.c.obj
 .text.resetd_xfer_cb
                0x0000000010008460        0x4 CMakeFiles/FatFS_SPI_example.dir/tree/downloaded_tools/pico/pico-sdk/src/rp2_common/pico_stdio_usb/reset_interface.c.obj
 .text.resetd_control_xfer_cb
                0x0000000010008464       0x6c CMakeFiles/FatFS_SPI_example.dir/tree/downloaded_tools/pico/pico-sdk/src/rp2_common/pico_stdio_usb/reset_interface.c.obj
 .text.usbd_app_driver_get_cb
                0x00000000100084d0        0xc CMakeFiles/FatFS_SPI_example.dir/tree/downloaded_tools/pico/pico-sdk/src/rp2_common/pico_stdio_usb/reset_interface.c.obj
                0x00000000100084d0                usbd_app_driver_get_cb
 .text.tud_cdc_line_coding_cb
                0x00000000100084dc       0x34 CMakeFiles/FatFS_SPI_example.dir/tree/downloaded_tools/pico/pico-sdk/src/rp2_common/pico_stdio_usb/reset_interface.c.obj
                0x00000000100084dc                tud_cdc_line_coding_cb
 .text.stdio_usb_in_chars
                0x0000000010008510       0x70 CMakeFiles/FatFS_SPI_example.dir/tree/downloaded_tools/pico/pico-sdk/src/rp2_common/pico_stdio_usb/stdio_usb.c.obj
                0x0000000010008510                stdio_usb_in_chars
 .text.low_priority_worker_irq
                0x0000000010008580       0x20 CMakeFiles/FatFS_SPI_example.dir/tree/downloaded_tools/pico/pico-sdk/src/rp2_common/pico_stdio_usb/stdio_usb.c.obj
 .text.stdio_usb_out_chars
                0x00000000100085a0       0xd4 CMakeFiles/FatFS_SPI_example.dir/tree/downloaded_tools/pico/pico-sdk/src/rp2_common/pico_stdio_usb/stdio_usb.c.obj
 .text.timer_task
                0x0000000010008674       0x10 CMakeFiles/FatFS_SPI_example.dir/tree/downloaded_tools/pico/pico-sdk/src/rp2_common/pico_stdio_usb/stdio_usb.c.obj
 .text.stdio_usb_init
                0x0000000010008684       0xb8 CMakeFiles/FatFS_SPI_example.dir/tree/downloaded_tools/pico/pico-sdk/src/rp2_common/pico_stdio_usb/stdio_usb.c.obj
                0x0000000010008684                stdio_usb_init
 .text.tud_descriptor_device_cb
                0x000000001000873c        0x8 CMakeFiles/FatFS_SPI_example.dir/tree/downloaded_tools/pico/pico-sdk/src/rp2_common/pico_stdio_usb/stdio_usb_descriptors.c.obj
                0x000000001000873c                tud_descriptor_device_cb
 .text.tud_descriptor_configuration_cb
                0x0000000010008744        0x8 CMakeFiles/FatFS_SPI_example.dir/tree/downloaded_tools/pico/pico-sdk/src/rp2_common/pico_stdio_usb/stdio_usb_descriptors.c.obj
                0x0000000010008744                tud_descriptor_configuration_cb
 .text.tud_descriptor_string_cb
                0x000000001000874c       0x68 CMakeFiles/FatFS_SPI_example.dir/tree/downloaded_tools/pico/pico-sdk/src/rp2_common/pico_stdio_usb/stdio_usb_descriptors.c.obj
                0x000000001000874c                tud_descriptor_string_cb
 .text.hw_endpoint_get_by_addr
                0x00000000100087b4       0x18 CMakeFiles/FatFS_SPI_example.dir/tree/downloaded_tools/pico/pico-sdk/lib/tinyusb/src/portable/raspberrypi/rp2040/dcd_rp2040.c.obj
 .text.reset_ep0
                0x00000000100087cc       0x2c CMakeFiles/FatFS_SPI_example.dir/tree/downloaded_tools/pico/pico-sdk/lib/tinyusb/src/portable/raspberrypi/rp2040/dcd_rp2040.c.obj
 .text._hw_endpoint_alloc
                0x00000000100087f8       0x80 CMakeFiles/FatFS_SPI_example.dir/tree/downloaded_tools/pico/pico-sdk/lib/tinyusb/src/portable/raspberrypi/rp2040/dcd_rp2040.c.obj
 .text._hw_endpoint_init
                0x0000000010008878       0xbc CMakeFiles/FatFS_SPI_example.dir/tree/downloaded_tools/pico/pico-sdk/lib/tinyusb/src/portable/raspberrypi/rp2040/dcd_rp2040.c.obj
 .text.hw_endpoint_init
                0x0000000010008934       0x18 CMakeFiles/FatFS_SPI_example.dir/tree/downloaded_tools/pico/pico-sdk/lib/tinyusb/src/portable/raspberrypi/rp2040/dcd_rp2040.c.obj
 .text.hw_handle_buff_status
                0x000000001000894c       0xb4 CMakeFiles/FatFS_SPI_example.dir/tree/downloaded_tools/pico/pico-sdk/lib/tinyusb/src/portable/raspberrypi/rp2040/dcd_rp2040.c.obj
 .text.dcd_rp2040_irq
                0x0000000010008a00       0xa8 CMakeFiles/FatFS_SPI_example.dir/tree/downloaded_tools/pico/pico-sdk/lib/tinyusb/src/portable/raspberrypi/rp2040/dcd_rp2040.c.obj
 .text.hw_endpoint_xfer
                0x0000000010008aa8       0x18 CMakeFiles/FatFS_SPI_example.dir/tree/downloaded_tools/pico/pico-sdk/lib/tinyusb/src/portable/raspberrypi/rp2040/dcd_rp2040.c.obj
 .text.ep0_0len_status
                0x0000000010008ac0       0x14 CMakeFiles/FatFS_SPI_example.dir/tree/downloaded_tools/pico/pico-sdk/lib/tinyusb/src/portable/raspberrypi/rp2040/dcd_rp2040.c.obj
 .text._hw_endpoint_stall
                0x0000000010008ad4       0x54 CMakeFiles/FatFS_SPI_example.dir/tree/downloaded_tools/pico/pico-sdk/lib/tinyusb/src/portable/raspberrypi/rp2040/dcd_rp2040.c.obj
 .text.hw_endpoint_stall
                0x0000000010008b28        0xc CMakeFiles/FatFS_SPI_example.dir/tree/downloaded_tools/pico/pico-sdk/lib/tinyusb/src/portable/raspberrypi/rp2040/dcd_rp2040.c.obj
 .text._hw_endpoint_clear_stall
                0x0000000010008b34       0x34 CMakeFiles/FatFS_SPI_example.dir/tree/downloaded_tools/pico/pico-sdk/lib/tinyusb/src/portable/raspberrypi/rp2040/dcd_rp2040.c.obj
 .text.hw_endpoint_clear_stall
                0x0000000010008b68        0xc CMakeFiles/FatFS_SPI_example.dir/tree/downloaded_tools/pico/pico-sdk/lib/tinyusb/src/portable/raspberrypi/rp2040/dcd_rp2040.c.obj
 .text.dcd_int_enable
                0x0000000010008b74       0x2c CMakeFiles/FatFS_SPI_example.dir/tree/downloaded_tools/pico/pico-sdk/lib/tinyusb/src/portable/raspberrypi/rp2040/dcd_rp2040.c.obj
                0x0000000010008b74                dcd_int_enable
 .text.dcd_set_address
                0x0000000010008ba0       0x28 CMakeFiles/FatFS_SPI_example.dir/tree/downloaded_tools/pico/pico-sdk/lib/tinyusb/src/portable/raspberrypi/rp2040/dcd_rp2040.c.obj
                0x0000000010008ba0                dcd_set_address
 .text.dcd_connect
                0x0000000010008bc8       0x30 CMakeFiles/FatFS_SPI_example.dir/tree/downloaded_tools/pico/pico-sdk/lib/tinyusb/src/portable/raspberrypi/rp2040/dcd_rp2040.c.obj
                0x0000000010008bc8                dcd_connect
 .text.dcd_init
                0x0000000010008bf8       0x84 CMakeFiles/FatFS_SPI_example.dir/tree/downloaded_tools/pico/pico-sdk/lib/tinyusb/src/portable/raspberrypi/rp2040/dcd_rp2040.c.obj
                0x0000000010008bf8                dcd_init
 .text.dcd_edpt0_status_complete
                0x0000000010008c7c       0x40 CMakeFiles/FatFS_SPI_example.dir/tree/downloaded_tools/pico/pico-sdk/lib/tinyusb/src/portable/raspberrypi/rp2040/dcd_rp2040.c.obj
                0x0000000010008c7c                dcd_edpt0_status_complete
 .text.dcd_edpt_open
                0x0000000010008cbc       0x40 CMakeFiles/FatFS_SPI_example.dir/tree/downloaded_tools/pico/pico-sdk/lib/tinyusb/src/portable/raspberrypi/rp2040/dcd_rp2040.c.obj
                0x0000000010008cbc                dcd_edpt_open
 .text.dcd_edpt_xfer
                0x0000000010008cfc       0x34 CMakeFiles/FatFS_SPI_example.dir/tree/downloaded_tools/pico/pico-sdk/lib/tinyusb/src/portable/raspberrypi/rp2040/dcd_rp2040.c.obj
                0x0000000010008cfc                dcd_edpt_xfer
 .text.dcd_edpt_stall
                0x0000000010008d30       0x28 CMakeFiles/FatFS_SPI_example.dir/tree/downloaded_tools/pico/pico-sdk/lib/tinyusb/src/portable/raspberrypi/rp2040/dcd_rp2040.c.obj
                0x0000000010008d30                dcd_edpt_stall
 .text.dcd_edpt_clear_stall
                0x0000000010008d58       0x2c CMakeFiles/FatFS_SPI_example.dir/tree/downloaded_tools/pico/pico-sdk/lib/tinyusb/src/portable/raspberrypi/rp2040/dcd_rp2040.c.obj
                0x0000000010008d58                dcd_edpt_clear_stall
 .text.rp2040_usb_init
                0x0000000010008d84       0x50 CMakeFiles/FatFS_SPI_example.dir/tree/downloaded_tools/pico/pico-sdk/lib/tinyusb/src/portable/raspberrypi/rp2040/rp2040_usb.c.obj
                0x0000000010008d84                rp2040_usb_init
 .text.hw_endpoint_reset_transfer
                0x0000000010008dd4       0x10 CMakeFiles/FatFS_SPI_example.dir/tree/downloaded_tools/pico/pico-sdk/lib/tinyusb/src/portable/raspberrypi/rp2040/rp2040_usb.c.obj
                0x0000000010008dd4                hw_endpoint_reset_transfer
 .text._hw_endpoint_buffer_control_update32
                0x0000000010008de4       0x58 CMakeFiles/FatFS_SPI_example.dir/tree/downloaded_tools/pico/pico-sdk/lib/tinyusb/src/portable/raspberrypi/rp2040/rp2040_usb.c.obj
                0x0000000010008de4                _hw_endpoint_buffer_control_update32
 .text._hw_endpoint_start_next_buffer
                0x0000000010008e3c       0x50 CMakeFiles/FatFS_SPI_example.dir/tree/downloaded_tools/pico/pico-sdk/lib/tinyusb/src/portable/raspberrypi/rp2040/rp2040_usb.c.obj
                0x0000000010008e3c                _hw_endpoint_start_next_buffer
 .text._hw_endpoint_xfer_start
                0x0000000010008e8c       0x3e CMakeFiles/FatFS_SPI_example.dir/tree/downloaded_tools/pico/pico-sdk/lib/tinyusb/src/portable/raspberrypi/rp2040/rp2040_usb.c.obj
                0x0000000010008e8c                _hw_endpoint_xfer_start
 *fill*         0x0000000010008eca        0x2 
 .text._hw_endpoint_xfer_sync
                0x0000000010008ecc       0x74 CMakeFiles/FatFS_SPI_example.dir/tree/downloaded_tools/pico/pico-sdk/lib/tinyusb/src/portable/raspberrypi/rp2040/rp2040_usb.c.obj
                0x0000000010008ecc                _hw_endpoint_xfer_sync
 .text._hw_endpoint_xfer_continue
                0x0000000010008f40       0x60 CMakeFiles/FatFS_SPI_example.dir/tree/downloaded_tools/pico/pico-sdk/lib/tinyusb/src/portable/raspberrypi/rp2040/rp2040_usb.c.obj
                0x0000000010008f40                _hw_endpoint_xfer_continue
 .text._hw_endpoint_xfer
                0x0000000010008fa0       0x34 CMakeFiles/FatFS_SPI_example.dir/tree/downloaded_tools/pico/pico-sdk/lib/tinyusb/src/portable/raspberrypi/rp2040/rp2040_usb.c.obj
                0x0000000010008fa0                _hw_endpoint_xfer
 .text.mark_interface_endpoint
                0x0000000010008fd4       0x2a CMakeFiles/FatFS_SPI_example.dir/tree/downloaded_tools/pico/pico-sdk/lib/tinyusb/src/device/usbd.c.obj
 *fill*         0x0000000010008ffe        0x2 
 .text.usbd_reset
                0x0000000010009000       0x88 CMakeFiles/FatFS_SPI_example.dir/tree/downloaded_tools/pico/pico-sdk/lib/tinyusb/src/device/usbd.c.obj
 .text.invoke_class_control
                0x0000000010009088       0x1a CMakeFiles/FatFS_SPI_example.dir/tree/downloaded_tools/pico/pico-sdk/lib/tinyusb/src/device/usbd.c.obj
 *fill*         0x00000000100090a2        0x2 
 .text.process_set_config
                0x00000000100090a4      0x1d0 CMakeFiles/FatFS_SPI_example.dir/tree/downloaded_tools/pico/pico-sdk/lib/tinyusb/src/device/usbd.c.obj
 .text.process_get_descriptor
                0x0000000010009274       0xf8 CMakeFiles/FatFS_SPI_example.dir/tree/downloaded_tools/pico/pico-sdk/lib/tinyusb/src/device/usbd.c.obj
 .text.tud_mounted
                0x000000001000936c       0x10 CMakeFiles/FatFS_SPI_example.dir/tree/downloaded_tools/pico/pico-sdk/lib/tinyusb/src/device/usbd.c.obj
                0x000000001000936c                tud_mounted
 .text.tud_suspended
                0x000000001000937c       0x10 CMakeFiles/FatFS_SPI_example.dir/tree/downloaded_tools/pico/pico-sdk/lib/tinyusb/src/device/usbd.c.obj
                0x000000001000937c                tud_suspended
 .text.tud_inited
                0x000000001000938c        0xc CMakeFiles/FatFS_SPI_example.dir/tree/downloaded_tools/pico/pico-sdk/lib/tinyusb/src/device/usbd.c.obj
                0x000000001000938c                tud_inited
 .text.tud_init
                0x0000000010009398       0xcc CMakeFiles/FatFS_SPI_example.dir/tree/downloaded_tools/pico/pico-sdk/lib/tinyusb/src/device/usbd.c.obj
                0x0000000010009398                tud_init
 .text.dcd_event_handler
                0x0000000010009464      0x174 CMakeFiles/FatFS_SPI_example.dir/tree/downloaded_tools/pico/pico-sdk/lib/tinyusb/src/device/usbd.c.obj
                0x0000000010009464                dcd_event_handler
 .text.dcd_event_bus_signal
                0x00000000100095d8       0x26 CMakeFiles/FatFS_SPI_example.dir/tree/downloaded_tools/pico/pico-sdk/lib/tinyusb/src/device/usbd.c.obj
                0x00000000100095d8                dcd_event_bus_signal
 .text.dcd_event_bus_reset
                0x00000000100095fe       0x2a CMakeFiles/FatFS_SPI_example.dir/tree/downloaded_tools/pico/pico-sdk/lib/tinyusb/src/device/usbd.c.obj
                0x00000000100095fe                dcd_event_bus_reset
 .text.dcd_event_setup_received
                0x0000000010009628       0x34 CMakeFiles/FatFS_SPI_example.dir/tree/downloaded_tools/pico/pico-sdk/lib/tinyusb/src/device/usbd.c.obj
                0x0000000010009628                dcd_event_setup_received
 .text.dcd_event_xfer_complete
                0x000000001000965c       0x44 CMakeFiles/FatFS_SPI_example.dir/tree/downloaded_tools/pico/pico-sdk/lib/tinyusb/src/device/usbd.c.obj
                0x000000001000965c                dcd_event_xfer_complete
 .text.usbd_edpt_open
                0x00000000100096a0       0xe0 CMakeFiles/FatFS_SPI_example.dir/tree/downloaded_tools/pico/pico-sdk/lib/tinyusb/src/device/usbd.c.obj
                0x00000000100096a0                usbd_edpt_open
 .text.usbd_open_edpt_pair
                0x0000000010009780       0x8c CMakeFiles/FatFS_SPI_example.dir/tree/downloaded_tools/pico/pico-sdk/lib/tinyusb/src/device/usbd.c.obj
                0x0000000010009780                usbd_open_edpt_pair
 .text.usbd_edpt_claim
                0x000000001000980c       0x8c CMakeFiles/FatFS_SPI_example.dir/tree/downloaded_tools/pico/pico-sdk/lib/tinyusb/src/device/usbd.c.obj
                0x000000001000980c                usbd_edpt_claim
 .text.usbd_edpt_release
                0x0000000010009898       0x68 CMakeFiles/FatFS_SPI_example.dir/tree/downloaded_tools/pico/pico-sdk/lib/tinyusb/src/device/usbd.c.obj
                0x0000000010009898                usbd_edpt_release
 .text.usbd_edpt_xfer
                0x0000000010009900       0x80 CMakeFiles/FatFS_SPI_example.dir/tree/downloaded_tools/pico/pico-sdk/lib/tinyusb/src/device/usbd.c.obj
                0x0000000010009900                usbd_edpt_xfer
 .text.usbd_edpt_stall
                0x0000000010009980       0x2c CMakeFiles/FatFS_SPI_example.dir/tree/downloaded_tools/pico/pico-sdk/lib/tinyusb/src/device/usbd.c.obj
                0x0000000010009980                usbd_edpt_stall
 .text.usbd_edpt_clear_stall
                0x00000000100099ac       0x2c CMakeFiles/FatFS_SPI_example.dir/tree/downloaded_tools/pico/pico-sdk/lib/tinyusb/src/device/usbd.c.obj
                0x00000000100099ac                usbd_edpt_clear_stall
 .text.usbd_edpt_stalled
                0x00000000100099d8       0x1c CMakeFiles/FatFS_SPI_example.dir/tree/downloaded_tools/pico/pico-sdk/lib/tinyusb/src/device/usbd.c.obj
                0x00000000100099d8                usbd_edpt_stalled
 .text.process_control_request
                0x00000000100099f4      0x380 CMakeFiles/FatFS_SPI_example.dir/tree/downloaded_tools/pico/pico-sdk/lib/tinyusb/src/device/usbd.c.obj
 .text.tud_task
                0x0000000010009d74      0x204 CMakeFiles/FatFS_SPI_example.dir/tree/downloaded_tools/pico/pico-sdk/lib/tinyusb/src/device/usbd.c.obj
                0x0000000010009d74                tud_task
 .text._data_stage_xact
                0x0000000010009f78       0x58 CMakeFiles/FatFS_SPI_example.dir/tree/downloaded_tools/pico/pico-sdk/lib/tinyusb/src/device/usbd_control.c.obj
 .text.tud_control_status
                0x0000000010009fd0       0x38 CMakeFiles/FatFS_SPI_example.dir/tree/downloaded_tools/pico/pico-sdk/lib/tinyusb/src/device/usbd_control.c.obj
                0x0000000010009fd0                tud_control_status
 .text.tud_control_xfer
                0x000000001000a008       0xa8 CMakeFiles/FatFS_SPI_example.dir/tree/downloaded_tools/pico/pico-sdk/lib/tinyusb/src/device/usbd_control.c.obj
                0x000000001000a008                tud_control_xfer
 .text.usbd_control_reset
                0x000000001000a0b0       0x14 CMakeFiles/FatFS_SPI_example.dir/tree/downloaded_tools/pico/pico-sdk/lib/tinyusb/src/device/usbd_control.c.obj
                0x000000001000a0b0                usbd_control_reset
 .text.usbd_control_set_complete_callback
                0x000000001000a0c4        0xc CMakeFiles/FatFS_SPI_example.dir/tree/downloaded_tools/pico/pico-sdk/lib/tinyusb/src/device/usbd_control.c.obj
                0x000000001000a0c4                usbd_control_set_complete_callback
 .text.usbd_control_set_request
                0x000000001000a0d0       0x1c CMakeFiles/FatFS_SPI_example.dir/tree/downloaded_tools/pico/pico-sdk/lib/tinyusb/src/device/usbd_control.c.obj
                0x000000001000a0d0                usbd_control_set_request
 .text.usbd_control_xfer_cb
                0x000000001000a0ec       0xfc CMakeFiles/FatFS_SPI_example.dir/tree/downloaded_tools/pico/pico-sdk/lib/tinyusb/src/device/usbd_control.c.obj
                0x000000001000a0ec                usbd_control_xfer_cb
 .text._prep_out_transaction
                0x000000001000a1e8       0x46 CMakeFiles/FatFS_SPI_example.dir/tree/downloaded_tools/pico/pico-sdk/lib/tinyusb/src/class/cdc/cdc_device.c.obj
 *fill*         0x000000001000a22e        0x2 
 .text.tud_cdc_n_connected
                0x000000001000a230       0x44 CMakeFiles/FatFS_SPI_example.dir/tree/downloaded_tools/pico/pico-sdk/lib/tinyusb/src/class/cdc/cdc_device.c.obj
                0x000000001000a230                tud_cdc_n_connected
 .text.tud_cdc_n_available
                0x000000001000a274       0x18 CMakeFiles/FatFS_SPI_example.dir/tree/downloaded_tools/pico/pico-sdk/lib/tinyusb/src/class/cdc/cdc_device.c.obj
                0x000000001000a274                tud_cdc_n_available
 .text.tud_cdc_n_read
                0x000000001000a28c       0x28 CMakeFiles/FatFS_SPI_example.dir/tree/downloaded_tools/pico/pico-sdk/lib/tinyusb/src/class/cdc/cdc_device.c.obj
                0x000000001000a28c                tud_cdc_n_read
 .text.tud_cdc_n_write_flush
                0x000000001000a2b4       0xcc CMakeFiles/FatFS_SPI_example.dir/tree/downloaded_tools/pico/pico-sdk/lib/tinyusb/src/class/cdc/cdc_device.c.obj
                0x000000001000a2b4                tud_cdc_n_write_flush
 .text.tud_cdc_n_write
                0x000000001000a380       0x38 CMakeFiles/FatFS_SPI_example.dir/tree/downloaded_tools/pico/pico-sdk/lib/tinyusb/src/class/cdc/cdc_device.c.obj
                0x000000001000a380                tud_cdc_n_write
 .text.tud_cdc_n_write_available
                0x000000001000a3b8       0x1c CMakeFiles/FatFS_SPI_example.dir/tree/downloaded_tools/pico/pico-sdk/lib/tinyusb/src/class/cdc/cdc_device.c.obj
                0x000000001000a3b8                tud_cdc_n_write_available
 .text.cdcd_init
                0x000000001000a3d4       0xbc CMakeFiles/FatFS_SPI_example.dir/tree/downloaded_tools/pico/pico-sdk/lib/tinyusb/src/class/cdc/cdc_device.c.obj
                0x000000001000a3d4                cdcd_init
 .text.cdcd_reset
                0x000000001000a490       0x44 CMakeFiles/FatFS_SPI_example.dir/tree/downloaded_tools/pico/pico-sdk/lib/tinyusb/src/class/cdc/cdc_device.c.obj
                0x000000001000a490                cdcd_reset
 .text.cdcd_open
                0x000000001000a4d4      0x10c CMakeFiles/FatFS_SPI_example.dir/tree/downloaded_tools/pico/pico-sdk/lib/tinyusb/src/class/cdc/cdc_device.c.obj
                0x000000001000a4d4                cdcd_open
 .text.cdcd_control_xfer_cb
                0x000000001000a5e0      0x134 CMakeFiles/FatFS_SPI_example.dir/tree/downloaded_tools/pico/pico-sdk/lib/tinyusb/src/class/cdc/cdc_device.c.obj
                0x000000001000a5e0                cdcd_control_xfer_cb
 .text.cdcd_xfer_cb
                0x000000001000a714      0x144 CMakeFiles/FatFS_SPI_example.dir/tree/downloaded_tools/pico/pico-sdk/lib/tinyusb/src/class/cdc/cdc_device.c.obj
                0x000000001000a714                cdcd_xfer_cb
 .text.tusb_init
                0x000000001000a858       0x24 CMakeFiles/FatFS_SPI_example.dir/tree/downloaded_tools/pico/pico-sdk/lib/tinyusb/src/tusb.c.obj
                0x000000001000a858                tusb_init
 .text.tusb_inited
                0x000000001000a87c        0xe CMakeFiles/FatFS_SPI_example.dir/tree/downloaded_tools/pico/pico-sdk/lib/tinyusb/src/tusb.c.obj
                0x000000001000a87c                tusb_inited
 .text.advance_pointer
                0x000000001000a88a       0x1e CMakeFiles/FatFS_SPI_example.dir/tree/downloaded_tools/pico/pico-sdk/lib/tinyusb/src/common/tusb_fifo.c.obj
 .text.backward_pointer
                0x000000001000a8a8       0x1a CMakeFiles/FatFS_SPI_example.dir/tree/downloaded_tools/pico/pico-sdk/lib/tinyusb/src/common/tusb_fifo.c.obj
 .text.get_relative_pointer
                0x000000001000a8c2       0x10 CMakeFiles/FatFS_SPI_example.dir/tree/downloaded_tools/pico/pico-sdk/lib/tinyusb/src/common/tusb_fifo.c.obj
 .text._tu_fifo_peek
                0x000000001000a8d2       0x50 CMakeFiles/FatFS_SPI_example.dir/tree/downloaded_tools/pico/pico-sdk/lib/tinyusb/src/common/tusb_fifo.c.obj
 .text._ff_pull_const_addr
                0x000000001000a922       0x4c CMakeFiles/FatFS_SPI_example.dir/tree/downloaded_tools/pico/pico-sdk/lib/tinyusb/src/common/tusb_fifo.c.obj
 .text._ff_pull_n
                0x000000001000a96e      0x10c CMakeFiles/FatFS_SPI_example.dir/tree/downloaded_tools/pico/pico-sdk/lib/tinyusb/src/common/tusb_fifo.c.obj
 .text._tu_fifo_peek_n
                0x000000001000aa7a       0x5e CMakeFiles/FatFS_SPI_example.dir/tree/downloaded_tools/pico/pico-sdk/lib/tinyusb/src/common/tusb_fifo.c.obj
 .text._tu_fifo_read_n
                0x000000001000aad8       0x4e CMakeFiles/FatFS_SPI_example.dir/tree/downloaded_tools/pico/pico-sdk/lib/tinyusb/src/common/tusb_fifo.c.obj
 .text._ff_push_const_addr
                0x000000001000ab26       0x40 CMakeFiles/FatFS_SPI_example.dir/tree/downloaded_tools/pico/pico-sdk/lib/tinyusb/src/common/tusb_fifo.c.obj
 .text._ff_push_n
                0x000000001000ab66      0x106 CMakeFiles/FatFS_SPI_example.dir/tree/downloaded_tools/pico/pico-sdk/lib/tinyusb/src/common/tusb_fifo.c.obj
 .text._tu_fifo_write_n
                0x000000001000ac6c       0x9e CMakeFiles/FatFS_SPI_example.dir/tree/downloaded_tools/pico/pico-sdk/lib/tinyusb/src/common/tusb_fifo.c.obj
 .text.tu_fifo_config
                0x000000001000ad0a       0x72 CMakeFiles/FatFS_SPI_example.dir/tree/downloaded_tools/pico/pico-sdk/lib/tinyusb/src/common/tusb_fifo.c.obj
                0x000000001000ad0a                tu_fifo_config
 .text.tu_fifo_count
                0x000000001000ad7c       0x26 CMakeFiles/FatFS_SPI_example.dir/tree/downloaded_tools/pico/pico-sdk/lib/tinyusb/src/common/tusb_fifo.c.obj
                0x000000001000ad7c                tu_fifo_count
 .text.tu_fifo_empty
                0x000000001000ada2        0xe CMakeFiles/FatFS_SPI_example.dir/tree/downloaded_tools/pico/pico-sdk/lib/tinyusb/src/common/tusb_fifo.c.obj
                0x000000001000ada2                tu_fifo_empty
 .text.tu_fifo_remaining
                0x000000001000adb0       0x20 CMakeFiles/FatFS_SPI_example.dir/tree/downloaded_tools/pico/pico-sdk/lib/tinyusb/src/common/tusb_fifo.c.obj
                0x000000001000adb0                tu_fifo_remaining
 .text.tu_fifo_read
                0x000000001000add0       0x42 CMakeFiles/FatFS_SPI_example.dir/tree/downloaded_tools/pico/pico-sdk/lib/tinyusb/src/common/tusb_fifo.c.obj
                0x000000001000add0                tu_fifo_read
 .text.tu_fifo_read_n
                0x000000001000ae12        0xa CMakeFiles/FatFS_SPI_example.dir/tree/downloaded_tools/pico/pico-sdk/lib/tinyusb/src/common/tusb_fifo.c.obj
                0x000000001000ae12                tu_fifo_read_n
 .text.tu_fifo_write
                0x000000001000ae1c       0x6c CMakeFiles/FatFS_SPI_example.dir/tree/downloaded_tools/pico/pico-sdk/lib/tinyusb/src/common/tusb_fifo.c.obj
                0x000000001000ae1c                tu_fifo_write
 .text.tu_fifo_write_n
                0x000000001000ae88        0xa CMakeFiles/FatFS_SPI_example.dir/tree/downloaded_tools/pico/pico-sdk/lib/tinyusb/src/common/tusb_fifo.c.obj
                0x000000001000ae88                tu_fifo_write_n
 .text.tu_fifo_clear
                0x000000001000ae92       0x4c CMakeFiles/FatFS_SPI_example.dir/tree/downloaded_tools/pico/pico-sdk/lib/tinyusb/src/common/tusb_fifo.c.obj
                0x000000001000ae92                tu_fifo_clear
 .text.tu_fifo_set_overwritable
                0x000000001000aede       0x3c CMakeFiles/FatFS_SPI_example.dir/tree/downloaded_tools/pico/pico-sdk/lib/tinyusb/src/common/tusb_fifo.c.obj
                0x000000001000aede                tu_fifo_set_overwritable
 *fill*         0x000000001000af1a        0x2 
 .text._retrieve_unique_id_on_boot
                0x000000001000af1c       0x10 CMakeFiles/FatFS_SPI_example.dir/tree/downloaded_tools/pico/pico-sdk/src/rp2_common/pico_unique_id/unique_id.c.obj
 .text.pico_get_unique_board_id_string
                0x000000001000af2c       0x60 CMakeFiles/FatFS_SPI_example.dir/tree/downloaded_tools/pico/pico-sdk/src/rp2_common/pico_unique_id/unique_id.c.obj
                0x000000001000af2c                pico_get_unique_board_id_string
 .text.flash_get_unique_id
                0x000000001000af8c       0x46 CMakeFiles/FatFS_SPI_example.dir/tree/downloaded_tools/pico/pico-sdk/src/rp2_common/hardware_flash/flash.c.obj
                0x000000001000af8c                flash_get_unique_id
 .text.ff_memalloc
                0x000000001000afd2        0x8 CMakeFiles/FatFS_SPI_example.dir/tree/downloaded_tools/pico/no-OS-FatFS-SD-SPI-RPi-Pico/FatFs_SPI/ff14a/source/ffsystem.c.obj
                0x000000001000afd2                ff_memalloc
 .text.ff_memfree
                0x000000001000afda        0x8 CMakeFiles/FatFS_SPI_example.dir/tree/downloaded_tools/pico/no-OS-FatFS-SD-SPI-RPi-Pico/FatFs_SPI/ff14a/source/ffsystem.c.obj
                0x000000001000afda                ff_memfree
 *fill*         0x000000001000afe2        0x2 
 .text.ff_uni2oem
                0x000000001000afe4       0x44 CMakeFiles/FatFS_SPI_example.dir/tree/downloaded_tools/pico/no-OS-FatFS-SD-SPI-RPi-Pico/FatFs_SPI/ff14a/source/ffunicode.c.obj
                0x000000001000afe4                ff_uni2oem
 .text.ff_oem2uni
                0x000000001000b028       0x30 CMakeFiles/FatFS_SPI_example.dir/tree/downloaded_tools/pico/no-OS-FatFS-SD-SPI-RPi-Pico/FatFs_SPI/ff14a/source/ffunicode.c.obj
                0x000000001000b028                ff_oem2uni
 .text.ff_wtoupper
                0x000000001000b058       0xb0 CMakeFiles/FatFS_SPI_example.dir/tree/downloaded_tools/pico/no-OS-FatFS-SD-SPI-RPi-Pico/FatFs_SPI/ff14a/source/ffunicode.c.obj
                0x000000001000b058                ff_wtoupper
 .text.ld_word  0x000000001000b108        0xa CMakeFiles/FatFS_SPI_example.dir/tree/downloaded_tools/pico/no-OS-FatFS-SD-SPI-RPi-Pico/FatFs_SPI/ff14a/source/ff.c.obj
 .text.ld_dword
                0x000000001000b112       0x18 CMakeFiles/FatFS_SPI_example.dir/tree/downloaded_tools/pico/no-OS-FatFS-SD-SPI-RPi-Pico/FatFs_SPI/ff14a/source/ff.c.obj
 .text.ld_qword
                0x000000001000b12a       0x42 CMakeFiles/FatFS_SPI_example.dir/tree/downloaded_tools/pico/no-OS-FatFS-SD-SPI-RPi-Pico/FatFs_SPI/ff14a/source/ff.c.obj
 .text.st_word  0x000000001000b16c        0x8 CMakeFiles/FatFS_SPI_example.dir/tree/downloaded_tools/pico/no-OS-FatFS-SD-SPI-RPi-Pico/FatFs_SPI/ff14a/source/ff.c.obj
 .text.st_dword
                0x000000001000b174       0x10 CMakeFiles/FatFS_SPI_example.dir/tree/downloaded_tools/pico/no-OS-FatFS-SD-SPI-RPi-Pico/FatFs_SPI/ff14a/source/ff.c.obj
 .text.st_qword
                0x000000001000b184       0x1e CMakeFiles/FatFS_SPI_example.dir/tree/downloaded_tools/pico/no-OS-FatFS-SD-SPI-RPi-Pico/FatFs_SPI/ff14a/source/ff.c.obj
 .text.mem_cpy  0x000000001000b1a2       0x16 CMakeFiles/FatFS_SPI_example.dir/tree/downloaded_tools/pico/no-OS-FatFS-SD-SPI-RPi-Pico/FatFs_SPI/ff14a/source/ff.c.obj
 .text.mem_set  0x000000001000b1b8        0xc CMakeFiles/FatFS_SPI_example.dir/tree/downloaded_tools/pico/no-OS-FatFS-SD-SPI-RPi-Pico/FatFs_SPI/ff14a/source/ff.c.obj
 .text.mem_cmp  0x000000001000b1c4       0x1a CMakeFiles/FatFS_SPI_example.dir/tree/downloaded_tools/pico/no-OS-FatFS-SD-SPI-RPi-Pico/FatFs_SPI/ff14a/source/ff.c.obj
 .text.chk_chr  0x000000001000b1de       0x12 CMakeFiles/FatFS_SPI_example.dir/tree/downloaded_tools/pico/no-OS-FatFS-SD-SPI-RPi-Pico/FatFs_SPI/ff14a/source/ff.c.obj
 .text.dbc_1st  0x000000001000b1f0        0x4 CMakeFiles/FatFS_SPI_example.dir/tree/downloaded_tools/pico/no-OS-FatFS-SD-SPI-RPi-Pico/FatFs_SPI/ff14a/source/ff.c.obj
 .text.dbc_2nd  0x000000001000b1f4        0x4 CMakeFiles/FatFS_SPI_example.dir/tree/downloaded_tools/pico/no-OS-FatFS-SD-SPI-RPi-Pico/FatFs_SPI/ff14a/source/ff.c.obj
 .text.tchar2uni
                0x000000001000b1f8       0xcc CMakeFiles/FatFS_SPI_example.dir/tree/downloaded_tools/pico/no-OS-FatFS-SD-SPI-RPi-Pico/FatFs_SPI/ff14a/source/ff.c.obj
 .text.put_utf  0x000000001000b2c4       0xfc CMakeFiles/FatFS_SPI_example.dir/tree/downloaded_tools/pico/no-OS-FatFS-SD-SPI-RPi-Pico/FatFs_SPI/ff14a/source/ff.c.obj
 .text.chk_lock
                0x000000001000b3c0       0x78 CMakeFiles/FatFS_SPI_example.dir/tree/downloaded_tools/pico/no-OS-FatFS-SD-SPI-RPi-Pico/FatFs_SPI/ff14a/source/ff.c.obj
 .text.enq_lock
                0x000000001000b438       0x20 CMakeFiles/FatFS_SPI_example.dir/tree/downloaded_tools/pico/no-OS-FatFS-SD-SPI-RPi-Pico/FatFs_SPI/ff14a/source/ff.c.obj
 .text.inc_lock
                0x000000001000b458       0xa8 CMakeFiles/FatFS_SPI_example.dir/tree/downloaded_tools/pico/no-OS-FatFS-SD-SPI-RPi-Pico/FatFs_SPI/ff14a/source/ff.c.obj
 .text.dec_lock
                0x000000001000b500       0x44 CMakeFiles/FatFS_SPI_example.dir/tree/downloaded_tools/pico/no-OS-FatFS-SD-SPI-RPi-Pico/FatFs_SPI/ff14a/source/ff.c.obj
 .text.clear_lock
                0x000000001000b544       0x24 CMakeFiles/FatFS_SPI_example.dir/tree/downloaded_tools/pico/no-OS-FatFS-SD-SPI-RPi-Pico/FatFs_SPI/ff14a/source/ff.c.obj
 .text.clst2sect
                0x000000001000b568       0x28 CMakeFiles/FatFS_SPI_example.dir/tree/downloaded_tools/pico/no-OS-FatFS-SD-SPI-RPi-Pico/FatFs_SPI/ff14a/source/ff.c.obj
 .text.clmt_clust
                0x000000001000b590       0x30 CMakeFiles/FatFS_SPI_example.dir/tree/downloaded_tools/pico/no-OS-FatFS-SD-SPI-RPi-Pico/FatFs_SPI/ff14a/source/ff.c.obj
 .text.ld_clust
                0x000000001000b5c0       0x26 CMakeFiles/FatFS_SPI_example.dir/tree/downloaded_tools/pico/no-OS-FatFS-SD-SPI-RPi-Pico/FatFs_SPI/ff14a/source/ff.c.obj
 .text.st_clust
                0x000000001000b5e6       0x26 CMakeFiles/FatFS_SPI_example.dir/tree/downloaded_tools/pico/no-OS-FatFS-SD-SPI-RPi-Pico/FatFs_SPI/ff14a/source/ff.c.obj
 .text.pick_lfn
                0x000000001000b60c       0x94 CMakeFiles/FatFS_SPI_example.dir/tree/downloaded_tools/pico/no-OS-FatFS-SD-SPI-RPi-Pico/FatFs_SPI/ff14a/source/ff.c.obj
 .text.put_lfn  0x000000001000b6a0       0x8c CMakeFiles/FatFS_SPI_example.dir/tree/downloaded_tools/pico/no-OS-FatFS-SD-SPI-RPi-Pico/FatFs_SPI/ff14a/source/ff.c.obj
 .text.gen_numname
                0x000000001000b72c       0xa8 CMakeFiles/FatFS_SPI_example.dir/tree/downloaded_tools/pico/no-OS-FatFS-SD-SPI-RPi-Pico/FatFs_SPI/ff14a/source/ff.c.obj
 .text.sum_sfn  0x000000001000b7d4       0x20 CMakeFiles/FatFS_SPI_example.dir/tree/downloaded_tools/pico/no-OS-FatFS-SD-SPI-RPi-Pico/FatFs_SPI/ff14a/source/ff.c.obj
 .text.xdir_sum
                0x000000001000b7f4       0x2e CMakeFiles/FatFS_SPI_example.dir/tree/downloaded_tools/pico/no-OS-FatFS-SD-SPI-RPi-Pico/FatFs_SPI/ff14a/source/ff.c.obj
 .text.xsum32   0x000000001000b822        0x8 CMakeFiles/FatFS_SPI_example.dir/tree/downloaded_tools/pico/no-OS-FatFS-SD-SPI-RPi-Pico/FatFs_SPI/ff14a/source/ff.c.obj
 .text.get_xfileinfo
                0x000000001000b82a       0xda CMakeFiles/FatFS_SPI_example.dir/tree/downloaded_tools/pico/no-OS-FatFS-SD-SPI-RPi-Pico/FatFs_SPI/ff14a/source/ff.c.obj
 .text.init_alloc_info
                0x000000001000b904       0x2e CMakeFiles/FatFS_SPI_example.dir/tree/downloaded_tools/pico/no-OS-FatFS-SD-SPI-RPi-Pico/FatFs_SPI/ff14a/source/ff.c.obj
 *fill*         0x000000001000b932        0x2 
 .text.get_ldnumber
                0x000000001000b934       0x5c CMakeFiles/FatFS_SPI_example.dir/tree/downloaded_tools/pico/no-OS-FatFS-SD-SPI-RPi-Pico/FatFs_SPI/ff14a/source/ff.c.obj
 .text.crc32    0x000000001000b990       0x2c CMakeFiles/FatFS_SPI_example.dir/tree/downloaded_tools/pico/no-OS-FatFS-SD-SPI-RPi-Pico/FatFs_SPI/ff14a/source/ff.c.obj
 .text.test_gpt_header
                0x000000001000b9bc       0x64 CMakeFiles/FatFS_SPI_example.dir/tree/downloaded_tools/pico/no-OS-FatFS-SD-SPI-RPi-Pico/FatFs_SPI/ff14a/source/ff.c.obj
 .text.make_rand
                0x000000001000ba20       0x32 CMakeFiles/FatFS_SPI_example.dir/tree/downloaded_tools/pico/no-OS-FatFS-SD-SPI-RPi-Pico/FatFs_SPI/ff14a/source/ff.c.obj
 .text.putc_init
                0x000000001000ba52       0x12 CMakeFiles/FatFS_SPI_example.dir/tree/downloaded_tools/pico/no-OS-FatFS-SD-SPI-RPi-Pico/FatFs_SPI/ff14a/source/ff.c.obj
 .text.validate
                0x000000001000ba64       0x52 CMakeFiles/FatFS_SPI_example.dir/tree/downloaded_tools/pico/no-OS-FatFS-SD-SPI-RPi-Pico/FatFs_SPI/ff14a/source/ff.c.obj
 .text.sync_window
                0x000000001000bab6       0x70 CMakeFiles/FatFS_SPI_example.dir/tree/downloaded_tools/pico/no-OS-FatFS-SD-SPI-RPi-Pico/FatFs_SPI/ff14a/source/ff.c.obj
 .text.move_window
                0x000000001000bb26       0x4c CMakeFiles/FatFS_SPI_example.dir/tree/downloaded_tools/pico/no-OS-FatFS-SD-SPI-RPi-Pico/FatFs_SPI/ff14a/source/ff.c.obj
 *fill*         0x000000001000bb72        0x2 
 .text.check_fs
                0x000000001000bb74       0xdc CMakeFiles/FatFS_SPI_example.dir/tree/downloaded_tools/pico/no-OS-FatFS-SD-SPI-RPi-Pico/FatFs_SPI/ff14a/source/ff.c.obj
 .text.find_volume
                0x000000001000bc50      0x14c CMakeFiles/FatFS_SPI_example.dir/tree/downloaded_tools/pico/no-OS-FatFS-SD-SPI-RPi-Pico/FatFs_SPI/ff14a/source/ff.c.obj
 .text.mount_volume
                0x000000001000bd9c      0x544 CMakeFiles/FatFS_SPI_example.dir/tree/downloaded_tools/pico/no-OS-FatFS-SD-SPI-RPi-Pico/FatFs_SPI/ff14a/source/ff.c.obj
 .text.find_bitmap
                0x000000001000c2e0       0xa6 CMakeFiles/FatFS_SPI_example.dir/tree/downloaded_tools/pico/no-OS-FatFS-SD-SPI-RPi-Pico/FatFs_SPI/ff14a/source/ff.c.obj
 .text.change_bitmap
                0x000000001000c386       0x96 CMakeFiles/FatFS_SPI_example.dir/tree/downloaded_tools/pico/no-OS-FatFS-SD-SPI-RPi-Pico/FatFs_SPI/ff14a/source/ff.c.obj
 .text.put_fat  0x000000001000c41c      0x176 CMakeFiles/FatFS_SPI_example.dir/tree/downloaded_tools/pico/no-OS-FatFS-SD-SPI-RPi-Pico/FatFs_SPI/ff14a/source/ff.c.obj
 .text.fill_last_frag
                0x000000001000c592       0x32 CMakeFiles/FatFS_SPI_example.dir/tree/downloaded_tools/pico/no-OS-FatFS-SD-SPI-RPi-Pico/FatFs_SPI/ff14a/source/ff.c.obj
 .text.fill_first_frag
                0x000000001000c5c4       0x32 CMakeFiles/FatFS_SPI_example.dir/tree/downloaded_tools/pico/no-OS-FatFS-SD-SPI-RPi-Pico/FatFs_SPI/ff14a/source/ff.c.obj
 *fill*         0x000000001000c5f6        0x2 
 .text.get_fat  0x000000001000c5f8      0x1a8 CMakeFiles/FatFS_SPI_example.dir/tree/downloaded_tools/pico/no-OS-FatFS-SD-SPI-RPi-Pico/FatFs_SPI/ff14a/source/ff.c.obj
 .text.create_chain
                0x000000001000c7a0      0x1c6 CMakeFiles/FatFS_SPI_example.dir/tree/downloaded_tools/pico/no-OS-FatFS-SD-SPI-RPi-Pico/FatFs_SPI/ff14a/source/ff.c.obj
 .text.dir_sdi  0x000000001000c966       0xd4 CMakeFiles/FatFS_SPI_example.dir/tree/downloaded_tools/pico/no-OS-FatFS-SD-SPI-RPi-Pico/FatFs_SPI/ff14a/source/ff.c.obj
 .text.remove_chain
                0x000000001000ca3a      0x14c CMakeFiles/FatFS_SPI_example.dir/tree/downloaded_tools/pico/no-OS-FatFS-SD-SPI-RPi-Pico/FatFs_SPI/ff14a/source/ff.c.obj
 .text.dir_clear
                0x000000001000cb86       0xf0 CMakeFiles/FatFS_SPI_example.dir/tree/downloaded_tools/pico/no-OS-FatFS-SD-SPI-RPi-Pico/FatFs_SPI/ff14a/source/ff.c.obj
 .text.dir_next
                0x000000001000cc76      0x104 CMakeFiles/FatFS_SPI_example.dir/tree/downloaded_tools/pico/no-OS-FatFS-SD-SPI-RPi-Pico/FatFs_SPI/ff14a/source/ff.c.obj
 .text.load_xdir
                0x000000001000cd7a      0x10c CMakeFiles/FatFS_SPI_example.dir/tree/downloaded_tools/pico/no-OS-FatFS-SD-SPI-RPi-Pico/FatFs_SPI/ff14a/source/ff.c.obj
 .text.load_obj_xdir
                0x000000001000ce86       0x36 CMakeFiles/FatFS_SPI_example.dir/tree/downloaded_tools/pico/no-OS-FatFS-SD-SPI-RPi-Pico/FatFs_SPI/ff14a/source/ff.c.obj
 .text.dir_read
                0x000000001000cebc      0x114 CMakeFiles/FatFS_SPI_example.dir/tree/downloaded_tools/pico/no-OS-FatFS-SD-SPI-RPi-Pico/FatFs_SPI/ff14a/source/ff.c.obj
 .text.dir_alloc
                0x000000001000cfd0       0x70 CMakeFiles/FatFS_SPI_example.dir/tree/downloaded_tools/pico/no-OS-FatFS-SD-SPI-RPi-Pico/FatFs_SPI/ff14a/source/ff.c.obj
 .text.store_xdir
                0x000000001000d040       0x66 CMakeFiles/FatFS_SPI_example.dir/tree/downloaded_tools/pico/no-OS-FatFS-SD-SPI-RPi-Pico/FatFs_SPI/ff14a/source/ff.c.obj
 .text.dir_remove
                0x000000001000d0a6       0x5e CMakeFiles/FatFS_SPI_example.dir/tree/downloaded_tools/pico/no-OS-FatFS-SD-SPI-RPi-Pico/FatFs_SPI/ff14a/source/ff.c.obj
 .text.create_name
                0x000000001000d104      0x320 CMakeFiles/FatFS_SPI_example.dir/tree/downloaded_tools/pico/no-OS-FatFS-SD-SPI-RPi-Pico/FatFs_SPI/ff14a/source/ff.c.obj
 .text.xname_sum
                0x000000001000d424       0x38 CMakeFiles/FatFS_SPI_example.dir/tree/downloaded_tools/pico/no-OS-FatFS-SD-SPI-RPi-Pico/FatFs_SPI/ff14a/source/ff.c.obj
 .text.create_xdir
                0x000000001000d45c       0x90 CMakeFiles/FatFS_SPI_example.dir/tree/downloaded_tools/pico/no-OS-FatFS-SD-SPI-RPi-Pico/FatFs_SPI/ff14a/source/ff.c.obj
 .text.cmp_lfn  0x000000001000d4ec       0xb0 CMakeFiles/FatFS_SPI_example.dir/tree/downloaded_tools/pico/no-OS-FatFS-SD-SPI-RPi-Pico/FatFs_SPI/ff14a/source/ff.c.obj
 .text.dir_find
                0x000000001000d59c      0x18e CMakeFiles/FatFS_SPI_example.dir/tree/downloaded_tools/pico/no-OS-FatFS-SD-SPI-RPi-Pico/FatFs_SPI/ff14a/source/ff.c.obj
 .text.follow_path
                0x000000001000d72a      0x11a CMakeFiles/FatFS_SPI_example.dir/tree/downloaded_tools/pico/no-OS-FatFS-SD-SPI-RPi-Pico/FatFs_SPI/ff14a/source/ff.c.obj
 .text.dir_register
                0x000000001000d844      0x214 CMakeFiles/FatFS_SPI_example.dir/tree/downloaded_tools/pico/no-OS-FatFS-SD-SPI-RPi-Pico/FatFs_SPI/ff14a/source/ff.c.obj
 .text.get_achar
                0x000000001000da58       0x14 CMakeFiles/FatFS_SPI_example.dir/tree/downloaded_tools/pico/no-OS-FatFS-SD-SPI-RPi-Pico/FatFs_SPI/ff14a/source/ff.c.obj
 .text.pattern_match
                0x000000001000da6c       0xce CMakeFiles/FatFS_SPI_example.dir/tree/downloaded_tools/pico/no-OS-FatFS-SD-SPI-RPi-Pico/FatFs_SPI/ff14a/source/ff.c.obj
 *fill*         0x000000001000db3a        0x2 
 .text.sync_fs  0x000000001000db3c       0xa8 CMakeFiles/FatFS_SPI_example.dir/tree/downloaded_tools/pico/no-OS-FatFS-SD-SPI-RPi-Pico/FatFs_SPI/ff14a/source/ff.c.obj
 .text.create_partition
                0x000000001000dbe4      0x524 CMakeFiles/FatFS_SPI_example.dir/tree/downloaded_tools/pico/no-OS-FatFS-SD-SPI-RPi-Pico/FatFs_SPI/ff14a/source/ff.c.obj
 .text.get_fileinfo
                0x000000001000e108      0x1ce CMakeFiles/FatFS_SPI_example.dir/tree/downloaded_tools/pico/no-OS-FatFS-SD-SPI-RPi-Pico/FatFs_SPI/ff14a/source/ff.c.obj
 *fill*         0x000000001000e2d6        0x2 
 .text.f_mount  0x000000001000e2d8       0x5c CMakeFiles/FatFS_SPI_example.dir/tree/downloaded_tools/pico/no-OS-FatFS-SD-SPI-RPi-Pico/FatFs_SPI/ff14a/source/ff.c.obj
                0x000000001000e2d8                f_mount
 .text.f_open   0x000000001000e334      0x35c CMakeFiles/FatFS_SPI_example.dir/tree/downloaded_tools/pico/no-OS-FatFS-SD-SPI-RPi-Pico/FatFs_SPI/ff14a/source/ff.c.obj
                0x000000001000e334                f_open
 .text.f_read   0x000000001000e690      0x252 CMakeFiles/FatFS_SPI_example.dir/tree/downloaded_tools/pico/no-OS-FatFS-SD-SPI-RPi-Pico/FatFs_SPI/ff14a/source/ff.c.obj
                0x000000001000e690                f_read
 .text.f_write  0x000000001000e8e2      0x2a2 CMakeFiles/FatFS_SPI_example.dir/tree/downloaded_tools/pico/no-OS-FatFS-SD-SPI-RPi-Pico/FatFs_SPI/ff14a/source/ff.c.obj
                0x000000001000e8e2                f_write
 .text.putc_bfd
                0x000000001000eb84      0x18c CMakeFiles/FatFS_SPI_example.dir/tree/downloaded_tools/pico/no-OS-FatFS-SD-SPI-RPi-Pico/FatFs_SPI/ff14a/source/ff.c.obj
 .text.putc_flush
                0x000000001000ed10       0x3c CMakeFiles/FatFS_SPI_example.dir/tree/downloaded_tools/pico/no-OS-FatFS-SD-SPI-RPi-Pico/FatFs_SPI/ff14a/source/ff.c.obj
 .text.f_sync   0x000000001000ed4c      0x17e CMakeFiles/FatFS_SPI_example.dir/tree/downloaded_tools/pico/no-OS-FatFS-SD-SPI-RPi-Pico/FatFs_SPI/ff14a/source/ff.c.obj
                0x000000001000ed4c                f_sync
 .text.f_close  0x000000001000eeca       0x2e CMakeFiles/FatFS_SPI_example.dir/tree/downloaded_tools/pico/no-OS-FatFS-SD-SPI-RPi-Pico/FatFs_SPI/ff14a/source/ff.c.obj
                0x000000001000eeca                f_close
 .text.f_chdrive